[
  {
    "string_interner": [
      "a",
      "b",
      "c",
      "d",
      "e"
    ],
    "ty_interner": []
  },
  {
    "Infix": {
      "operator": "Add",
      "lhs": {
        "Infix": {
          "operator": "Add",
          "lhs": {
            "Path": {
              "segments": [
                {
                  "Identifier": 1
                }
              ]
            }
          },
          "rhs": {
            "Infix": {
              "operator": "Multiply",
              "lhs": {
                "Infix": {
                  "operator": "Multiply",
                  "lhs": {
                    "Path": {
                      "segments": [
                        {
                          "Identifier": 2
                        }
                      ]
                    }
                  },
                  "rhs": {
                    "Path": {
                      "segments": [
                        {
                          "Identifier": 3
                        }
                      ]
                    }
                  }
                }
              },
              "rhs": {
                "Path": {
                  "segments": [
                    {
                      "Identifier": 4
                    }
                  ]
                }
              }
            }
          }
        }
      },
      "rhs": {
        "Path": {
          "segments": [
            {
              "Identifier": 5
            }
          ]
        }
      }
    }
  }
]