[
  {
    "y": 2,
    "x": 1
  },
  {
    "Closure": {
      "params": [
        1,
        2
      ],
      "stmt": {
        "Expression": {
          "expr": {
            "Infix": {
              "operator": "Add",
              "lhs": {
                "Path": {
                  "segments": [
                    {
                      "Identifier": 1
                    }
                  ]
                }
              },
              "rhs": {
                "Path": {
                  "segments": [
                    {
                      "Identifier": 2
                    }
                  ]
                }
              }
            }
          },
          "implicit_return": true
        }
      }
    }
  }
]