[
  {
    "Normalized": 6,
    "Vector": 1,
    "X": 2,
    "self": 11,
    "Number": 3,
    "Display": 4,
    "y": 8,
    "x": 7,
    "to_normalized": 10,
    "Y": 5,
    "Absolute": 9
  },
  {
    "stmts": [
      {
        "Enum": {
          "name": 1,
          "generics": {
            "generics": [
              {
                "ident": 2,
                "trait_bound": {
                  "TraitBounds": [
                    {
                      "ident": {
                        "idents": [
                          3
                        ]
                      },
                      "generics": {
                        "generics": []
                      }
                    },
                    {
                      "ident": {
                        "idents": [
                          4
                        ]
                      },
                      "generics": {
                        "generics": []
                      }
                    }
                  ]
                }
              },
              {
                "ident": 5,
                "trait_bound": {
                  "TraitBounds": [
                    {
                      "ident": {
                        "idents": [
                          3
                        ]
                      },
                      "generics": {
                        "generics": []
                      }
                    },
                    {
                      "ident": {
                        "idents": [
                          4
                        ]
                      },
                      "generics": {
                        "generics": []
                      }
                    }
                  ]
                }
              }
            ]
          },
          "members": [
            {
              "name": 6,
              "parameters": {
                "params": [
                  {
                    "name": 7,
                    "ty": {
                      "Path": {
                        "ident": {
                          "idents": [
                            2
                          ]
                        },
                        "generics": {
                          "generics": []
                        }
                      }
                    },
                    "mutability": "Immutable"
                  },
                  {
                    "name": 8,
                    "ty": {
                      "Path": {
                        "ident": {
                          "idents": [
                            5
                          ]
                        },
                        "generics": {
                          "generics": []
                        }
                      }
                    },
                    "mutability": "Immutable"
                  }
                ]
              },
              "member_functions": []
            },
            {
              "name": 9,
              "parameters": {
                "params": [
                  {
                    "name": 7,
                    "ty": {
                      "Path": {
                        "ident": {
                          "idents": [
                            2
                          ]
                        },
                        "generics": {
                          "generics": []
                        }
                      }
                    },
                    "mutability": "Immutable"
                  },
                  {
                    "name": 8,
                    "ty": {
                      "Path": {
                        "ident": {
                          "idents": [
                            5
                          ]
                        },
                        "generics": {
                          "generics": []
                        }
                      }
                    },
                    "mutability": "Immutable"
                  }
                ]
              },
              "member_functions": []
            }
          ],
          "fn_stmts": [
            {
              "sig": {
                "name": 10,
                "generic_types": {
                  "generics": []
                },
                "parameters": {
                  "params": [
                    {
                      "name": 11,
                      "ty": "Infer",
                      "mutability": "Immutable"
                    }
                  ]
                },
                "return_type": {
                  "Path": {
                    "ident": {
                      "idents": [
                        1
                      ]
                    },
                    "generics": {
                      "generics": []
                    }
                  }
                }
              },
              "body": {
                "stmts": [
                  {
                    "Expression": {
                      "expr": {
                        "Call": {
                          "func": {
                            "Identifier": 6
                          },
                          "generic_tys": {
                            "generics": []
                          },
                          "args": {
                            "args": [
                              {
                                "Field": {
                                  "lhs": "SelfRef",
                                  "ident": 7
                                }
                              },
                              {
                                "Field": {
                                  "lhs": "SelfRef",
                                  "ident": 8
                                }
                              }
                            ]
                          }
                        }
                      },
                      "implicit_return": false
                    }
                  }
                ]
              }
            }
          ]
        }
      }
    ]
  }
]