[
  {
    "string_interner": [
      "year"
    ],
    "crate_id": 0,
    "local_def_id": 17
  },
  {
    "kind": {
      "Infix": {
        "operator": "Or",
        "lhs": {
          "kind": {
            "Infix": {
              "operator": "And",
              "lhs": {
                "kind": {
                  "Infix": {
                    "operator": "Equal",
                    "lhs": {
                      "kind": {
                        "Infix": {
                          "operator": "Modulo",
                          "lhs": {
                            "kind": {
                              "Path": {
                                "ident_type": "LocalOrUse",
                                "segments": [
                                  {
                                    "ident": {
                                      "ident": 1,
                                      "span": {
                                        "start": 0,
                                        "end": 4
                                      }
                                    },
                                    "generics": null
                                  }
                                ]
                              }
                            },
                            "span": {
                              "start": 0,
                              "end": 4
                            },
                            "id": 0
                          },
                          "rhs": {
                            "kind": {
                              "Int": 4
                            },
                            "span": {
                              "start": 7,
                              "end": 8
                            },
                            "id": 1
                          }
                        }
                      },
                      "span": {
                        "start": 0,
                        "end": 8
                      },
                      "id": 2
                    },
                    "rhs": {
                      "kind": {
                        "Int": 0
                      },
                      "span": {
                        "start": 12,
                        "end": 13
                      },
                      "id": 3
                    }
                  }
                },
                "span": {
                  "start": 0,
                  "end": 13
                },
                "id": 4
              },
              "rhs": {
                "kind": {
                  "Infix": {
                    "operator": "NotEqual",
                    "lhs": {
                      "kind": {
                        "Infix": {
                          "operator": "Modulo",
                          "lhs": {
                            "kind": {
                              "Path": {
                                "ident_type": "LocalOrUse",
                                "segments": [
                                  {
                                    "ident": {
                                      "ident": 1,
                                      "span": {
                                        "start": 17,
                                        "end": 21
                                      }
                                    },
                                    "generics": null
                                  }
                                ]
                              }
                            },
                            "span": {
                              "start": 17,
                              "end": 21
                            },
                            "id": 5
                          },
                          "rhs": {
                            "kind": {
                              "Int": 100
                            },
                            "span": {
                              "start": 24,
                              "end": 27
                            },
                            "id": 6
                          }
                        }
                      },
                      "span": {
                        "start": 17,
                        "end": 27
                      },
                      "id": 7
                    },
                    "rhs": {
                      "kind": {
                        "Int": 0
                      },
                      "span": {
                        "start": 31,
                        "end": 32
                      },
                      "id": 8
                    }
                  }
                },
                "span": {
                  "start": 17,
                  "end": 32
                },
                "id": 9
              }
            }
          },
          "span": {
            "start": 0,
            "end": 32
          },
          "id": 10
        },
        "rhs": {
          "kind": {
            "Infix": {
              "operator": "Equal",
              "lhs": {
                "kind": {
                  "Infix": {
                    "operator": "Modulo",
                    "lhs": {
                      "kind": {
                        "Path": {
                          "ident_type": "LocalOrUse",
                          "segments": [
                            {
                              "ident": {
                                "ident": 1,
                                "span": {
                                  "start": 36,
                                  "end": 40
                                }
                              },
                              "generics": null
                            }
                          ]
                        }
                      },
                      "span": {
                        "start": 36,
                        "end": 40
                      },
                      "id": 11
                    },
                    "rhs": {
                      "kind": {
                        "Int": 400
                      },
                      "span": {
                        "start": 43,
                        "end": 46
                      },
                      "id": 12
                    }
                  }
                },
                "span": {
                  "start": 36,
                  "end": 46
                },
                "id": 13
              },
              "rhs": {
                "kind": {
                  "Int": 0
                },
                "span": {
                  "start": 50,
                  "end": 51
                },
                "id": 14
              }
            }
          },
          "span": {
            "start": 36,
            "end": 51
          },
          "id": 15
        }
      }
    },
    "span": {
      "start": 0,
      "end": 51
    },
    "id": 16
  }
]