[
  {
    "string_interner": [
      "f",
      "g"
    ],
    "ty_interner": []
  },
  {
    "Unary": {
      "operator": "Minus",
      "expr": {
        "Unary": {
          "operator": "Minus",
          "expr": {
            "Call": {
              "func": {
                "Path": {
                  "segments": [
                    {
                      "Identifier": 1
                    }
                  ]
                }
              },
              "args": {
                "args": [
                  {
                    "Path": {
                      "segments": [
                        {
                          "Identifier": 2
                        }
                      ]
                    }
                  }
                ]
              }
            }
          }
        }
      }
    }
  }
]