[
  {
    "string_interner": [
      "extracted_text",
      "message",
      "Message",
      "Text",
      "null",
      "Photo",
      "photo",
      "",
      "str",
      "caption"
    ]
  },
  {
    "items": [
      {
        "kind": {
          "GlobalLet": {
            "ident": {
              "ident": 1,
              "span": {
                "start": 4,
                "end": 18
              },
              "id": {
                "id": 0
              }
            },
            "ty": null,
            "initializer": {
              "kind": {
                "Match": {
                  "source": {
                    "kind": {
                      "Path": {
                        "segments": [
                          {
                            "ident": {
                              "ident": 2,
                              "span": {
                                "start": 27,
                                "end": 34
                              },
                              "id": {
                                "id": 1
                              }
                            },
                            "generics": null
                          }
                        ]
                      }
                    },
                    "span": {
                      "start": 27,
                      "end": 34
                    },
                    "id": {
                      "id": 2
                    }
                  },
                  "arms": [
                    {
                      "pattern": {
                        "Or": {
                          "patterns": [
                            {
                              "Destructure": {
                                "ty": {
                                  "kind": {
                                    "Path": {
                                      "path": {
                                        "ident": {
                                          "idents": [
                                            {
                                              "ident": 3,
                                              "span": {
                                                "start": 41,
                                                "end": 48
                                              },
                                              "id": {
                                                "id": 3
                                              }
                                            },
                                            {
                                              "ident": 4,
                                              "span": {
                                                "start": 50,
                                                "end": 54
                                              },
                                              "id": {
                                                "id": 4
                                              }
                                            }
                                          ]
                                        },
                                        "generics": {
                                          "generics": []
                                        }
                                      }
                                    }
                                  },
                                  "span": {
                                    "start": 41,
                                    "end": 54
                                  },
                                  "id": {
                                    "id": 5
                                  }
                                },
                                "exprs": [
                                  {
                                    "kind": {
                                      "String": 5
                                    },
                                    "span": {
                                      "start": 55,
                                      "end": 61
                                    },
                                    "id": {
                                      "id": 6
                                    }
                                  }
                                ]
                              }
                            },
                            {
                              "Destructure": {
                                "ty": {
                                  "kind": {
                                    "Path": {
                                      "path": {
                                        "ident": {
                                          "idents": [
                                            {
                                              "ident": 3,
                                              "span": {
                                                "start": 65,
                                                "end": 72
                                              },
                                              "id": {
                                                "id": 7
                                              }
                                            },
                                            {
                                              "ident": 6,
                                              "span": {
                                                "start": 74,
                                                "end": 79
                                              },
                                              "id": {
                                                "id": 8
                                              }
                                            }
                                          ]
                                        },
                                        "generics": {
                                          "generics": []
                                        }
                                      }
                                    }
                                  },
                                  "span": {
                                    "start": 65,
                                    "end": 79
                                  },
                                  "id": {
                                    "id": 9
                                  }
                                },
                                "exprs": [
                                  {
                                    "kind": {
                                      "String": 5
                                    },
                                    "span": {
                                      "start": 80,
                                      "end": 86
                                    },
                                    "id": {
                                      "id": 10
                                    }
                                  },
                                  {
                                    "kind": {
                                      "Path": {
                                        "segments": [
                                          {
                                            "ident": {
                                              "ident": 7,
                                              "span": {
                                                "start": 88,
                                                "end": 93
                                              },
                                              "id": {
                                                "id": 11
                                              }
                                            },
                                            "generics": null
                                          }
                                        ]
                                      }
                                    },
                                    "span": {
                                      "start": 88,
                                      "end": 93
                                    },
                                    "id": {
                                      "id": 12
                                    }
                                  }
                                ]
                              }
                            }
                          ]
                        }
                      },
                      "body": {
                        "Expression": {
                          "expr": {
                            "kind": {
                              "String": 8
                            },
                            "span": {
                              "start": 98,
                              "end": 100
                            },
                            "id": {
                              "id": 13
                            }
                          },
                          "implicit_return": true
                        }
                      }
                    },
                    {
                      "pattern": {
                        "Destructure": {
                          "ty": {
                            "kind": {
                              "Path": {
                                "path": {
                                  "ident": {
                                    "idents": [
                                      {
                                        "ident": 3,
                                        "span": {
                                          "start": 106,
                                          "end": 113
                                        },
                                        "id": {
                                          "id": 14
                                        }
                                      },
                                      {
                                        "ident": 4,
                                        "span": {
                                          "start": 115,
                                          "end": 119
                                        },
                                        "id": {
                                          "id": 15
                                        }
                                      }
                                    ]
                                  },
                                  "generics": {
                                    "generics": []
                                  }
                                }
                              }
                            },
                            "span": {
                              "start": 106,
                              "end": 119
                            },
                            "id": {
                              "id": 16
                            }
                          },
                          "exprs": [
                            {
                              "kind": {
                                "Path": {
                                  "segments": [
                                    {
                                      "ident": {
                                        "ident": 9,
                                        "span": {
                                          "start": 120,
                                          "end": 123
                                        },
                                        "id": {
                                          "id": 17
                                        }
                                      },
                                      "generics": null
                                    }
                                  ]
                                }
                              },
                              "span": {
                                "start": 120,
                                "end": 123
                              },
                              "id": {
                                "id": 18
                              }
                            }
                          ]
                        }
                      },
                      "body": {
                        "Expression": {
                          "expr": {
                            "kind": {
                              "Path": {
                                "segments": [
                                  {
                                    "ident": {
                                      "ident": 9,
                                      "span": {
                                        "start": 128,
                                        "end": 131
                                      },
                                      "id": {
                                        "id": 19
                                      }
                                    },
                                    "generics": null
                                  }
                                ]
                              }
                            },
                            "span": {
                              "start": 128,
                              "end": 131
                            },
                            "id": {
                              "id": 20
                            }
                          },
                          "implicit_return": true
                        }
                      }
                    },
                    {
                      "pattern": {
                        "Destructure": {
                          "ty": {
                            "kind": {
                              "Path": {
                                "path": {
                                  "ident": {
                                    "idents": [
                                      {
                                        "ident": 3,
                                        "span": {
                                          "start": 137,
                                          "end": 144
                                        },
                                        "id": {
                                          "id": 21
                                        }
                                      },
                                      {
                                        "ident": 6,
                                        "span": {
                                          "start": 146,
                                          "end": 151
                                        },
                                        "id": {
                                          "id": 22
                                        }
                                      }
                                    ]
                                  },
                                  "generics": {
                                    "generics": []
                                  }
                                }
                              }
                            },
                            "span": {
                              "start": 137,
                              "end": 151
                            },
                            "id": {
                              "id": 23
                            }
                          },
                          "exprs": [
                            {
                              "kind": {
                                "Path": {
                                  "segments": [
                                    {
                                      "ident": {
                                        "ident": 10,
                                        "span": {
                                          "start": 152,
                                          "end": 159
                                        },
                                        "id": {
                                          "id": 24
                                        }
                                      },
                                      "generics": null
                                    }
                                  ]
                                }
                              },
                              "span": {
                                "start": 152,
                                "end": 159
                              },
                              "id": {
                                "id": 25
                              }
                            },
                            {
                              "kind": {
                                "Path": {
                                  "segments": [
                                    {
                                      "ident": {
                                        "ident": 7,
                                        "span": {
                                          "start": 161,
                                          "end": 166
                                        },
                                        "id": {
                                          "id": 26
                                        }
                                      },
                                      "generics": null
                                    }
                                  ]
                                }
                              },
                              "span": {
                                "start": 161,
                                "end": 166
                              },
                              "id": {
                                "id": 27
                              }
                            }
                          ]
                        }
                      },
                      "body": {
                        "Expression": {
                          "expr": {
                            "kind": {
                              "Path": {
                                "segments": [
                                  {
                                    "ident": {
                                      "ident": 10,
                                      "span": {
                                        "start": 171,
                                        "end": 178
                                      },
                                      "id": {
                                        "id": 28
                                      }
                                    },
                                    "generics": null
                                  }
                                ]
                              }
                            },
                            "span": {
                              "start": 171,
                              "end": 178
                            },
                            "id": {
                              "id": 29
                            }
                          },
                          "implicit_return": true
                        }
                      }
                    }
                  ]
                }
              },
              "span": {
                "start": 21,
                "end": 181
              },
              "id": {
                "id": 30
              }
            }
          }
        },
        "span": {
          "start": 0,
          "end": 182
        },
        "id": {
          "id": 31
        }
      }
    ],
    "ast_id": {
      "id": 0
    }
  }
]