[
  {
    "string_interner": [
      "List",
      "T",
      "array",
      "size",
      "u64",
      "new",
      "initial_capacity",
      "list_of_ints",
      "i64",
      "list_of_lists",
      "f64",
      "trait_bounds",
      "Loggable",
      "Serializable",
      "unions",
      "str",
      "Self"
    ],
    "ty_interner": [
      {
        "Path": {
          "path": {
            "ident": {
              "idents": [
                2
              ]
            },
            "generics": []
          }
        }
      },
      {
        "Array": {
          "ty": {
            "val": 1
          }
        }
      },
      "U64",
      "QSelf",
      "I64",
      "F64",
      {
        "Path": {
          "path": {
            "ident": {
              "idents": [
                1
              ]
            },
            "generics": [
              {
                "val": 6
              }
            ]
          }
        }
      },
      {
        "TraitBound": {
          "trait_bound": {
            "bounds": [
              {
                "ident": {
                  "idents": [
                    13
                  ]
                },
                "generics": []
              },
              {
                "ident": {
                  "idents": [
                    14
                  ]
                },
                "generics": []
              }
            ]
          }
        }
      },
      "Str",
      {
        "Union": {
          "tys": [
            {
              "val": 9
            },
            {
              "val": 5
            },
            {
              "val": 6
            }
          ]
        }
      }
    ]
  },
  {
    "stmts": [
      {
        "Class": {
          "name": 1,
          "class_type": "Reference",
          "generic_params": {
            "params": [
              {
                "ident": 2,
                "trait_bound": null
              }
            ]
          },
          "fields": {
            "params": [
              {
                "ident": 3,
                "ty": {
                  "val": 2
                },
                "mutability": "Immutable"
              },
              {
                "ident": 4,
                "ty": {
                  "val": 3
                },
                "mutability": "Immutable"
              }
            ]
          },
          "member_fns": [
            {
              "sig": {
                "name": 6,
                "generic_params": {
                  "params": []
                },
                "params": {
                  "params": [
                    {
                      "ident": 7,
                      "ty": {
                        "val": 3
                      },
                      "mutability": "Immutable"
                    }
                  ]
                },
                "return_type": {
                  "val": 4
                }
              },
              "body": {
                "stmts": [
                  {
                    "Expression": {
                      "expr": {
                        "Call": {
                          "func": {
                            "Path": {
                              "segments": [
                                {
                                  "Identifier": 17
                                }
                              ]
                            }
                          },
                          "args": {
                            "args": [
                              {
                                "Array": {
                                  "SizedInitializer": [
                                    {
                                      "Path": {
                                        "segments": [
                                          {
                                            "Identifier": 2
                                          }
                                        ]
                                      }
                                    },
                                    {
                                      "Path": {
                                        "segments": [
                                          {
                                            "Identifier": 7
                                          }
                                        ]
                                      }
                                    }
                                  ]
                                }
                              },
                              {
                                "Integer": 0
                              }
                            ]
                          }
                        }
                      },
                      "implicit_return": false
                    }
                  }
                ]
              }
            }
          ]
        }
      },
      {
        "Let": {
          "ident": 8,
          "mutability": "Immutable",
          "ty": null,
          "initializer": {
            "Call": {
              "func": {
                "Path": {
                  "segments": [
                    {
                      "Identifier": 1
                    },
                    {
                      "Generic": [
                        {
                          "val": 5
                        }
                      ]
                    },
                    {
                      "Identifier": 6
                    }
                  ]
                }
              },
              "args": {
                "args": []
              }
            }
          }
        }
      },
      {
        "Let": {
          "ident": 10,
          "mutability": "Immutable",
          "ty": null,
          "initializer": {
            "Call": {
              "func": {
                "Path": {
                  "segments": [
                    {
                      "Identifier": 1
                    },
                    {
                      "Generic": [
                        {
                          "val": 7
                        }
                      ]
                    },
                    {
                      "Identifier": 6
                    }
                  ]
                }
              },
              "args": {
                "args": []
              }
            }
          }
        }
      },
      {
        "Let": {
          "ident": 12,
          "mutability": "Immutable",
          "ty": null,
          "initializer": {
            "Call": {
              "func": {
                "Path": {
                  "segments": [
                    {
                      "Identifier": 1
                    },
                    {
                      "Generic": [
                        {
                          "val": 8
                        }
                      ]
                    },
                    {
                      "Identifier": 6
                    }
                  ]
                }
              },
              "args": {
                "args": []
              }
            }
          }
        }
      },
      {
        "Let": {
          "ident": 15,
          "mutability": "Immutable",
          "ty": null,
          "initializer": {
            "Call": {
              "func": {
                "Path": {
                  "segments": [
                    {
                      "Identifier": 1
                    },
                    {
                      "Generic": [
                        {
                          "val": 10
                        }
                      ]
                    },
                    {
                      "Identifier": 6
                    }
                  ]
                }
              },
              "args": {
                "args": []
              }
            }
          }
        }
      }
    ]
  }
]