[
  {
    "string_interner": [
      "List",
      "T",
      "array",
      "size",
      "u64",
      "new",
      "list_of_ints",
      "i64",
      "list_of_lists",
      "f64",
      "trait_bounds",
      "Loggable",
      "Serializable",
      "Self"
    ],
    "source_map": {},
    "diagnostics": {
      "diagnostics": [
        {
          "Error": "ERROR: Expected :, received =!\n"
        },
        {
          "Error": "ERROR: Expected :, received =!\n"
        },
        {
          "Error": "ERROR: Expected :, received =!\n"
        }
      ]
    },
    "crate_id": 0,
    "local_def_id": 17
  },
  {
    "id": {
      "crate_id": 0,
      "module_id": 0
    },
    "path": {
      "module_path": []
    },
    "namespace": {
      "modules": {},
      "values": {}
    },
    "items": [
      {
        "kind": {
          "Class": {
            "name": {
              "ident": 1,
              "span": {
                "start": 10,
                "end": 14
              }
            },
            "class_type": "Reference",
            "generic_params": [
              {
                "name": {
                  "ident": 2,
                  "span": {
                    "start": 15,
                    "end": 16
                  }
                },
                "trait_bound": null,
                "span": {
                  "start": 15,
                  "end": 16
                },
                "id": 0
              }
            ],
            "fields": [
              {
                "name": {
                  "ident": 3,
                  "span": {
                    "start": 24,
                    "end": 29
                  }
                },
                "ty": {
                  "kind": {
                    "Array": {
                      "ty": {
                        "kind": {
                          "Path": {
                            "path": {
                              "ident": {
                                "ident_type": "LocalOrUse",
                                "idents": [
                                  {
                                    "ident": 2,
                                    "span": {
                                      "start": 32,
                                      "end": 33
                                    }
                                  }
                                ]
                              },
                              "generics": []
                            }
                          }
                        },
                        "span": {
                          "start": 32,
                          "end": 33
                        },
                        "id": 1
                      }
                    }
                  },
                  "span": {
                    "start": 31,
                    "end": 33
                  },
                  "id": 2
                },
                "span": {
                  "start": 24,
                  "end": 34
                },
                "id": 3
              },
              {
                "name": {
                  "ident": 4,
                  "span": {
                    "start": 40,
                    "end": 44
                  }
                },
                "ty": {
                  "kind": "U64",
                  "span": {
                    "start": 46,
                    "end": 49
                  },
                  "id": 4
                },
                "span": {
                  "start": 40,
                  "end": 49
                },
                "id": 5
              }
            ],
            "self_fns": [
              {
                "sig": {
                  "name": {
                    "ident": 6,
                    "span": {
                      "start": 59,
                      "end": 62
                    }
                  },
                  "generic_params": [],
                  "params": [],
                  "return_type": {
                    "kind": "QSelf",
                    "span": {
                      "start": 68,
                      "end": 72
                    },
                    "id": 6
                  }
                },
                "body": {
                  "stmts": [
                    {
                      "kind": {
                        "Expression": {
                          "expr": {
                            "kind": {
                              "Call": {
                                "target": {
                                  "kind": {
                                    "Path": {
                                      "ident_type": "LocalOrUse",
                                      "segments": [
                                        {
                                          "ident": {
                                            "ident": 14,
                                            "span": {
                                              "start": 83,
                                              "end": 87
                                            }
                                          },
                                          "generics": null
                                        }
                                      ]
                                    }
                                  },
                                  "span": {
                                    "start": 83,
                                    "end": 87
                                  },
                                  "id": 7
                                },
                                "args": [
                                  {
                                    "kind": {
                                      "Array": {
                                        "SizedInitializer": [
                                          {
                                            "kind": {
                                              "Path": {
                                                "ident_type": "LocalOrUse",
                                                "segments": [
                                                  {
                                                    "ident": {
                                                      "ident": 2,
                                                      "span": {
                                                        "start": 89,
                                                        "end": 90
                                                      }
                                                    },
                                                    "generics": null
                                                  }
                                                ]
                                              }
                                            },
                                            "span": {
                                              "start": 89,
                                              "end": 90
                                            },
                                            "id": 8
                                          },
                                          {
                                            "kind": {
                                              "Int": 10
                                            },
                                            "span": {
                                              "start": 92,
                                              "end": 94
                                            },
                                            "id": 9
                                          }
                                        ]
                                      }
                                    },
                                    "span": {
                                      "start": 88,
                                      "end": 95
                                    },
                                    "id": 10
                                  },
                                  {
                                    "kind": {
                                      "Int": 0
                                    },
                                    "span": {
                                      "start": 97,
                                      "end": 98
                                    },
                                    "id": 11
                                  }
                                ]
                              }
                            },
                            "span": {
                              "start": 83,
                              "end": 99
                            },
                            "id": 12
                          },
                          "implicit_return": false
                        }
                      },
                      "span": {
                        "start": 83,
                        "end": 99
                      },
                      "id": 13
                    }
                  ],
                  "span": {
                    "start": 73,
                    "end": 105
                  },
                  "id": 14
                },
                "span": {
                  "start": 56,
                  "end": 105
                },
                "id": 15
              }
            ]
          }
        },
        "span": {
          "start": 0,
          "end": 107
        },
        "id": 16
      }
    ]
  }
]