[
  {
    "i64": 2,
    "List": 1
  },
  {
    "Path": {
      "ident": {
        "idents": [
          1
        ]
      },
      "generics": [
        {
          "Path": {
            "ident": {
              "idents": [
                1
              ]
            },
            "generics": [
              {
                "Basic": "I64"
              }
            ]
          }
        }
      ]
    }
  }
]