[
  {
    "print": 2,
    "main": 1,
    "Hello world!": 3
  },
  {
    "stmts": [
      {
        "Fn": {
          "sig": {
            "name": 1,
            "generic_params": {
              "params": []
            },
            "parameters": {
              "params": []
            },
            "return_type": null
          },
          "body": {
            "stmts": [
              {
                "Expression": {
                  "expr": {
                    "Call": {
                      "func": {
                        "Path": {
                          "segments": [
                            {
                              "Identifier": 2
                            }
                          ]
                        }
                      },
                      "args": {
                        "args": [
                          {
                            "String": 3
                          }
                        ]
                      }
                    }
                  },
                  "implicit_return": true
                }
              }
            ]
          }
        }
      }
    ]
  }
]