[
  {
    "string_interner": [
      "main",
      "print",
      "Hello world!"
    ],
    "crate_id": 0,
    "local_def_id": 8
  },
  {
    "path": {
      "module_path": []
    },
    "items": [
      {
        "kind": {
          "Fn": {
            "sig": {
              "name": {
                "ident": 1,
                "span": {
                  "start": 3,
                  "end": 7
                },
                "id": 0
              },
              "generic_params": {
                "params": []
              },
              "params": {
                "params": []
              },
              "return_type": null
            },
            "body": {
              "stmts": [
                {
                  "kind": {
                    "Expression": {
                      "expr": {
                        "kind": {
                          "Call": {
                            "target": {
                              "kind": {
                                "Path": {
                                  "ident_type": "LocalOrUse",
                                  "segments": [
                                    {
                                      "ident": {
                                        "ident": 2,
                                        "span": {
                                          "start": 16,
                                          "end": 21
                                        },
                                        "id": 1
                                      },
                                      "generics": null
                                    }
                                  ]
                                }
                              },
                              "span": {
                                "start": 16,
                                "end": 21
                              },
                              "id": 2
                            },
                            "args": {
                              "args": [
                                {
                                  "kind": {
                                    "String": 3
                                  },
                                  "span": {
                                    "start": 22,
                                    "end": 36
                                  },
                                  "id": 3
                                }
                              ]
                            }
                          }
                        },
                        "span": {
                          "start": 16,
                          "end": 37
                        },
                        "id": 4
                      },
                      "implicit_return": true
                    }
                  },
                  "span": {
                    "start": 16,
                    "end": 38
                  },
                  "id": 5
                }
              ],
              "span": {
                "start": 10,
                "end": 40
              },
              "id": 6
            }
          }
        },
        "span": {
          "start": 0,
          "end": 40
        },
        "id": 7
      }
    ]
  }
]