[
  {
    "Hello world!": 3,
    "main": 1,
    "print": 2
  },
  {
    "stmts": [
      {
        "Fn": {
          "sig": {
            "name": 1,
            "generic_types": {
              "generics": []
            },
            "parameters": {
              "params": []
            },
            "return_type": null
          },
          "body": {
            "stmts": [
              {
                "Expression": {
                  "expr": {
                    "Call": {
                      "func": {
                        "Identifier": 2
                      },
                      "generic_tys": {
                        "generics": []
                      },
                      "args": {
                        "args": [
                          {
                            "String": 3
                          }
                        ]
                      }
                    }
                  },
                  "implicit_return": true
                }
              }
            ]
          }
        }
      }
    ]
  }
]