[
  {
    "string_interner": [
      "main",
      "args",
      "str",
      "print",
      "to_str"
    ],
    "ty_interner": [
      "Str",
      {
        "Array": {
          "ty": {
            "val": 1
          }
        }
      }
    ]
  },
  {
    "use_stmts": [],
    "const_let_stmts": [],
    "class_stmts": [],
    "enum_stmts": [],
    "trait_stmts": [],
    "trait_impl_stmts": [],
    "fn_stmts": [
      {
        "sig": {
          "name": 1,
          "generic_params": {
            "params": []
          },
          "params": {
            "params": [
              {
                "ident": 2,
                "ty": {
                  "val": 2
                },
                "mutability": "Immutable"
              }
            ]
          },
          "return_type": null
        },
        "body": {
          "stmts": [
            {
              "Expression": {
                "expr": {
                  "Call": {
                    "func": {
                      "Path": {
                        "segments": [
                          {
                            "ident": 4,
                            "generics": null
                          }
                        ]
                      }
                    },
                    "args": {
                      "args": [
                        {
                          "Call": {
                            "func": {
                              "Field": {
                                "lhs": {
                                  "Path": {
                                    "segments": [
                                      {
                                        "ident": 2,
                                        "generics": null
                                      }
                                    ]
                                  }
                                },
                                "ident": 5
                              }
                            },
                            "args": {
                              "args": []
                            }
                          }
                        }
                      ]
                    }
                  }
                },
                "implicit_return": true
              }
            }
          ]
        }
      }
    ]
  }
]