[
  {
    "string_interner": [
      "print",
      "text",
      "str",
      "println"
    ],
    "ty_interner": [
      "Str"
    ]
  },
  {
    "stmts": [
      {
        "Fn": {
          "sig": {
            "name": 1,
            "generic_params": {
              "params": []
            },
            "params": {
              "params": [
                {
                  "ident": 2,
                  "ty": {
                    "val": 1
                  },
                  "mutability": "Immutable"
                }
              ]
            },
            "return_type": null
          },
          "body": {
            "stmts": [
              {
                "Expression": {
                  "expr": {
                    "Call": {
                      "func": {
                        "Path": {
                          "segments": [
                            {
                              "ident": 4,
                              "generics": null
                            }
                          ]
                        }
                      },
                      "args": {
                        "args": [
                          {
                            "Path": {
                              "segments": [
                                {
                                  "ident": 2,
                                  "generics": null
                                }
                              ]
                            }
                          }
                        ]
                      }
                    }
                  },
                  "implicit_return": true
                }
              }
            ]
          }
        }
      }
    ]
  }
]