[
  {
    "string_interner": [
      "write",
      "T",
      "Serializable",
      "value",
      "WriteError",
      "bytes",
      "to_bytes",
      "buffer",
      "remaining",
      "len",
      "BufferOverflow",
      "write_bytes",
      "MalformedBytes"
    ],
    "ty_interner": [
      {
        "Path": {
          "path": {
            "ident": {
              "idents": [
                2
              ]
            },
            "generics": []
          }
        }
      },
      "None",
      {
        "Path": {
          "path": {
            "ident": {
              "idents": [
                5
              ]
            },
            "generics": []
          }
        }
      },
      {
        "Union": {
          "tys": [
            {
              "val": 2
            },
            {
              "val": 3
            }
          ]
        }
      }
    ]
  },
  {
    "stmts": [
      {
        "Fn": {
          "sig": {
            "name": 1,
            "generic_params": {
              "params": [
                {
                  "ident": 2,
                  "trait_bound": {
                    "bounds": [
                      {
                        "ident": {
                          "idents": [
                            3
                          ]
                        },
                        "generics": []
                      }
                    ]
                  }
                }
              ]
            },
            "params": {
              "params": [
                {
                  "ident": 4,
                  "ty": {
                    "val": 1
                  },
                  "mutability": "Immutable"
                }
              ]
            },
            "return_type": {
              "val": 4
            }
          },
          "body": {
            "stmts": [
              {
                "Let": {
                  "ident": 6,
                  "mutability": "Immutable",
                  "ty": null,
                  "initializer": {
                    "Call": {
                      "func": {
                        "Field": {
                          "lhs": {
                            "Path": {
                              "segments": [
                                {
                                  "Identifier": 4
                                }
                              ]
                            }
                          },
                          "ident": 7
                        }
                      },
                      "args": {
                        "args": []
                      }
                    }
                  }
                }
              },
              {
                "If": {
                  "condition": {
                    "Infix": {
                      "operator": "Less",
                      "lhs": {
                        "Call": {
                          "func": {
                            "Field": {
                              "lhs": {
                                "Path": {
                                  "segments": [
                                    {
                                      "Identifier": 8
                                    }
                                  ]
                                }
                              },
                              "ident": 9
                            }
                          },
                          "args": {
                            "args": []
                          }
                        }
                      },
                      "rhs": {
                        "Call": {
                          "func": {
                            "Field": {
                              "lhs": {
                                "Path": {
                                  "segments": [
                                    {
                                      "Identifier": 6
                                    }
                                  ]
                                }
                              },
                              "ident": 10
                            }
                          },
                          "args": {
                            "args": []
                          }
                        }
                      }
                    }
                  },
                  "if_true": {
                    "stmts": [
                      {
                        "Expression": {
                          "expr": {
                            "Path": {
                              "segments": [
                                {
                                  "Identifier": 5
                                },
                                {
                                  "Identifier": 11
                                }
                              ]
                            }
                          },
                          "implicit_return": false
                        }
                      }
                    ]
                  },
                  "if_false": {
                    "stmts": []
                  }
                }
              },
              {
                "If": {
                  "condition": {
                    "Unary": {
                      "operator": "Bang",
                      "expr": {
                        "Call": {
                          "func": {
                            "Field": {
                              "lhs": {
                                "Path": {
                                  "segments": [
                                    {
                                      "Identifier": 8
                                    }
                                  ]
                                }
                              },
                              "ident": 12
                            }
                          },
                          "args": {
                            "args": [
                              {
                                "Path": {
                                  "segments": [
                                    {
                                      "Identifier": 6
                                    }
                                  ]
                                }
                              }
                            ]
                          }
                        }
                      }
                    }
                  },
                  "if_true": {
                    "stmts": [
                      {
                        "Expression": {
                          "expr": {
                            "Path": {
                              "segments": [
                                {
                                  "Identifier": 5
                                },
                                {
                                  "Identifier": 13
                                }
                              ]
                            }
                          },
                          "implicit_return": false
                        }
                      }
                    ]
                  },
                  "if_false": {
                    "stmts": [
                      {
                        "Expression": {
                          "expr": "None",
                          "implicit_return": false
                        }
                      }
                    ]
                  }
                }
              }
            ]
          }
        }
      },
      {
        "Enum": {
          "name": 5,
          "generic_params": {
            "params": []
          },
          "members": [
            {
              "name": 11,
              "fields": {
                "params": []
              },
              "member_fns": []
            },
            {
              "name": 13,
              "fields": {
                "params": []
              },
              "member_fns": []
            }
          ],
          "member_fns": []
        }
      }
    ]
  }
]