[
  {
    "string_interner": [
      "write",
      "T",
      "Serializable",
      "value",
      "WriteError",
      "bytes",
      "to_bytes",
      "buffer",
      "remaining",
      "len",
      "BufferOverflow",
      "write_bytes",
      "MalformedBytes"
    ],
    "ty_interner": [
      {
        "Path": {
          "path": {
            "ident": {
              "idents": [
                2
              ]
            },
            "generics": []
          }
        }
      },
      "None",
      {
        "Path": {
          "path": {
            "ident": {
              "idents": [
                5
              ]
            },
            "generics": []
          }
        }
      },
      {
        "Union": {
          "tys": [
            {
              "val": 2
            },
            {
              "val": 3
            }
          ]
        }
      }
    ]
  },
  {
    "use_stmts": [],
    "const_let_stmts": [],
    "class_stmts": [],
    "enum_stmts": [
      {
        "name": 5,
        "generic_params": {
          "params": []
        },
        "members": [
          {
            "name": 11,
            "fields": {
              "params": []
            },
            "member_fns": []
          },
          {
            "name": 13,
            "fields": {
              "params": []
            },
            "member_fns": []
          }
        ],
        "member_fns": []
      }
    ],
    "trait_stmts": [],
    "trait_impl_stmts": [],
    "fn_stmts": [
      {
        "sig": {
          "name": 1,
          "generic_params": {
            "params": [
              {
                "ident": 2,
                "trait_bound": {
                  "bounds": [
                    {
                      "ident": {
                        "idents": [
                          3
                        ]
                      },
                      "generics": []
                    }
                  ]
                }
              }
            ]
          },
          "params": {
            "params": [
              {
                "ident": 4,
                "ty": {
                  "val": 1
                },
                "mutability": "Immutable"
              }
            ]
          },
          "return_type": {
            "val": 4
          }
        },
        "body": {
          "stmts": [
            {
              "Let": {
                "ident": 6,
                "mutability": "Immutable",
                "ty": null,
                "initializer": {
                  "Call": {
                    "func": {
                      "Field": {
                        "lhs": {
                          "Path": {
                            "segments": [
                              {
                                "ident": 4,
                                "generics": null
                              }
                            ]
                          }
                        },
                        "ident": 7
                      }
                    },
                    "args": {
                      "args": []
                    }
                  }
                }
              }
            },
            {
              "If": {
                "condition": {
                  "Infix": {
                    "operator": "Less",
                    "lhs": {
                      "Call": {
                        "func": {
                          "Field": {
                            "lhs": {
                              "Path": {
                                "segments": [
                                  {
                                    "ident": 8,
                                    "generics": null
                                  }
                                ]
                              }
                            },
                            "ident": 9
                          }
                        },
                        "args": {
                          "args": []
                        }
                      }
                    },
                    "rhs": {
                      "Call": {
                        "func": {
                          "Field": {
                            "lhs": {
                              "Path": {
                                "segments": [
                                  {
                                    "ident": 6,
                                    "generics": null
                                  }
                                ]
                              }
                            },
                            "ident": 10
                          }
                        },
                        "args": {
                          "args": []
                        }
                      }
                    }
                  }
                },
                "if_true": {
                  "stmts": [
                    {
                      "Expression": {
                        "expr": {
                          "Path": {
                            "segments": [
                              {
                                "ident": 5,
                                "generics": null
                              },
                              {
                                "ident": 11,
                                "generics": null
                              }
                            ]
                          }
                        },
                        "implicit_return": false
                      }
                    }
                  ]
                },
                "if_false": {
                  "stmts": []
                }
              }
            },
            {
              "If": {
                "condition": {
                  "Unary": {
                    "operator": "Bang",
                    "expr": {
                      "Call": {
                        "func": {
                          "Field": {
                            "lhs": {
                              "Path": {
                                "segments": [
                                  {
                                    "ident": 8,
                                    "generics": null
                                  }
                                ]
                              }
                            },
                            "ident": 12
                          }
                        },
                        "args": {
                          "args": [
                            {
                              "Path": {
                                "segments": [
                                  {
                                    "ident": 6,
                                    "generics": null
                                  }
                                ]
                              }
                            }
                          ]
                        }
                      }
                    }
                  }
                },
                "if_true": {
                  "stmts": [
                    {
                      "Expression": {
                        "expr": {
                          "Path": {
                            "segments": [
                              {
                                "ident": 5,
                                "generics": null
                              },
                              {
                                "ident": 13,
                                "generics": null
                              }
                            ]
                          }
                        },
                        "implicit_return": false
                      }
                    }
                  ]
                },
                "if_false": {
                  "stmts": [
                    {
                      "Expression": {
                        "expr": "None",
                        "implicit_return": false
                      }
                    }
                  ]
                }
              }
            }
          ]
        }
      }
    ]
  }
]