[
  {
    "string_interner": [
      "write",
      "T",
      "Serializable",
      "value",
      "WriteError",
      "bytes",
      "to_bytes",
      "buffer",
      "remaining",
      "len",
      "BufferOverflow",
      "write_bytes",
      "MalformedBytes"
    ]
  },
  {
    "items": [
      {
        "kind": {
          "Fn": {
            "sig": {
              "name": {
                "ident": 1,
                "span": {
                  "start": 3,
                  "end": 8
                },
                "id": {
                  "id": 0
                }
              },
              "generic_params": {
                "params": [
                  {
                    "ident": {
                      "ident": 2,
                      "span": {
                        "start": 9,
                        "end": 10
                      },
                      "id": {
                        "id": 1
                      }
                    },
                    "trait_bound": {
                      "bounds": [
                        {
                          "ident": {
                            "idents": [
                              {
                                "ident": 3,
                                "span": {
                                  "start": 12,
                                  "end": 24
                                },
                                "id": {
                                  "id": 2
                                }
                              }
                            ]
                          },
                          "generics": {
                            "generics": []
                          }
                        }
                      ]
                    },
                    "span": {
                      "start": 9,
                      "end": 24
                    },
                    "id": {
                      "id": 3
                    }
                  }
                ]
              },
              "params": {
                "params": [
                  {
                    "ident": {
                      "ident": 4,
                      "span": {
                        "start": 26,
                        "end": 31
                      },
                      "id": {
                        "id": 4
                      }
                    },
                    "ty": {
                      "kind": {
                        "Path": {
                          "path": {
                            "ident": {
                              "idents": [
                                {
                                  "ident": 2,
                                  "span": {
                                    "start": 33,
                                    "end": 34
                                  },
                                  "id": {
                                    "id": 5
                                  }
                                }
                              ]
                            },
                            "generics": {
                              "generics": []
                            }
                          }
                        }
                      },
                      "span": {
                        "start": 33,
                        "end": 34
                      },
                      "id": {
                        "id": 6
                      }
                    },
                    "mutability": "Immutable"
                  }
                ]
              },
              "return_type": {
                "kind": {
                  "Union": {
                    "tys": [
                      {
                        "kind": "None",
                        "span": {
                          "start": 39,
                          "end": 43
                        },
                        "id": {
                          "id": 7
                        }
                      },
                      {
                        "kind": {
                          "Path": {
                            "path": {
                              "ident": {
                                "idents": [
                                  {
                                    "ident": 5,
                                    "span": {
                                      "start": 46,
                                      "end": 56
                                    },
                                    "id": {
                                      "id": 8
                                    }
                                  }
                                ]
                              },
                              "generics": {
                                "generics": []
                              }
                            }
                          }
                        },
                        "span": {
                          "start": 46,
                          "end": 56
                        },
                        "id": {
                          "id": 9
                        }
                      }
                    ]
                  }
                },
                "span": {
                  "start": 39,
                  "end": 56
                },
                "id": {
                  "id": 10
                }
              }
            },
            "body": {
              "stmts": [
                {
                  "Let": {
                    "ident": {
                      "ident": 6,
                      "span": {
                        "start": 67,
                        "end": 72
                      },
                      "id": {
                        "id": 11
                      }
                    },
                    "mutability": "Immutable",
                    "ty": null,
                    "initializer": {
                      "kind": {
                        "Call": {
                          "target": {
                            "kind": {
                              "Field": {
                                "lhs": {
                                  "kind": {
                                    "Path": {
                                      "segments": [
                                        {
                                          "ident": {
                                            "ident": 4,
                                            "span": {
                                              "start": 75,
                                              "end": 80
                                            },
                                            "id": {
                                              "id": 12
                                            }
                                          },
                                          "generics": null
                                        }
                                      ]
                                    }
                                  },
                                  "span": {
                                    "start": 75,
                                    "end": 80
                                  },
                                  "id": {
                                    "id": 13
                                  }
                                },
                                "ident": {
                                  "ident": 7,
                                  "span": {
                                    "start": 81,
                                    "end": 89
                                  },
                                  "id": {
                                    "id": 14
                                  }
                                }
                              }
                            },
                            "span": {
                              "start": 75,
                              "end": 89
                            },
                            "id": {
                              "id": 15
                            }
                          },
                          "args": {
                            "args": []
                          }
                        }
                      },
                      "span": {
                        "start": 75,
                        "end": 91
                      },
                      "id": {
                        "id": 16
                      }
                    }
                  }
                },
                {
                  "If": {
                    "condition": {
                      "kind": {
                        "Parentheses": {
                          "expr": {
                            "kind": {
                              "Infix": {
                                "operator": "Less",
                                "lhs": {
                                  "kind": {
                                    "Call": {
                                      "target": {
                                        "kind": {
                                          "Field": {
                                            "lhs": {
                                              "kind": {
                                                "Path": {
                                                  "segments": [
                                                    {
                                                      "ident": {
                                                        "ident": 8,
                                                        "span": {
                                                          "start": 101,
                                                          "end": 107
                                                        },
                                                        "id": {
                                                          "id": 17
                                                        }
                                                      },
                                                      "generics": null
                                                    }
                                                  ]
                                                }
                                              },
                                              "span": {
                                                "start": 101,
                                                "end": 107
                                              },
                                              "id": {
                                                "id": 18
                                              }
                                            },
                                            "ident": {
                                              "ident": 9,
                                              "span": {
                                                "start": 108,
                                                "end": 117
                                              },
                                              "id": {
                                                "id": 19
                                              }
                                            }
                                          }
                                        },
                                        "span": {
                                          "start": 101,
                                          "end": 117
                                        },
                                        "id": {
                                          "id": 20
                                        }
                                      },
                                      "args": {
                                        "args": []
                                      }
                                    }
                                  },
                                  "span": {
                                    "start": 101,
                                    "end": 119
                                  },
                                  "id": {
                                    "id": 21
                                  }
                                },
                                "rhs": {
                                  "kind": {
                                    "Call": {
                                      "target": {
                                        "kind": {
                                          "Field": {
                                            "lhs": {
                                              "kind": {
                                                "Path": {
                                                  "segments": [
                                                    {
                                                      "ident": {
                                                        "ident": 6,
                                                        "span": {
                                                          "start": 122,
                                                          "end": 127
                                                        },
                                                        "id": {
                                                          "id": 22
                                                        }
                                                      },
                                                      "generics": null
                                                    }
                                                  ]
                                                }
                                              },
                                              "span": {
                                                "start": 122,
                                                "end": 127
                                              },
                                              "id": {
                                                "id": 23
                                              }
                                            },
                                            "ident": {
                                              "ident": 10,
                                              "span": {
                                                "start": 128,
                                                "end": 131
                                              },
                                              "id": {
                                                "id": 24
                                              }
                                            }
                                          }
                                        },
                                        "span": {
                                          "start": 122,
                                          "end": 131
                                        },
                                        "id": {
                                          "id": 25
                                        }
                                      },
                                      "args": {
                                        "args": []
                                      }
                                    }
                                  },
                                  "span": {
                                    "start": 122,
                                    "end": 133
                                  },
                                  "id": {
                                    "id": 26
                                  }
                                }
                              }
                            },
                            "span": {
                              "start": 101,
                              "end": 133
                            },
                            "id": {
                              "id": 27
                            }
                          }
                        }
                      },
                      "span": {
                        "start": 100,
                        "end": 134
                      },
                      "id": {
                        "id": 28
                      }
                    },
                    "if_true": {
                      "stmts": [
                        {
                          "Expression": {
                            "expr": {
                              "kind": {
                                "Path": {
                                  "segments": [
                                    {
                                      "ident": {
                                        "ident": 5,
                                        "span": {
                                          "start": 145,
                                          "end": 155
                                        },
                                        "id": {
                                          "id": 29
                                        }
                                      },
                                      "generics": null
                                    },
                                    {
                                      "ident": {
                                        "ident": 11,
                                        "span": {
                                          "start": 157,
                                          "end": 171
                                        },
                                        "id": {
                                          "id": 30
                                        }
                                      },
                                      "generics": null
                                    }
                                  ]
                                }
                              },
                              "span": {
                                "start": 145,
                                "end": 171
                              },
                              "id": {
                                "id": 31
                              }
                            },
                            "implicit_return": false
                          }
                        }
                      ],
                      "span": {
                        "start": 135,
                        "end": 177
                      },
                      "id": {
                        "id": 32
                      }
                    },
                    "if_false": {
                      "stmts": [],
                      "span": {
                        "start": 183,
                        "end": 182
                      },
                      "id": {
                        "id": 33
                      }
                    }
                  }
                },
                {
                  "If": {
                    "condition": {
                      "kind": {
                        "Parentheses": {
                          "expr": {
                            "kind": {
                              "Unary": {
                                "operator": "Bang",
                                "expr": {
                                  "kind": {
                                    "Call": {
                                      "target": {
                                        "kind": {
                                          "Field": {
                                            "lhs": {
                                              "kind": {
                                                "Path": {
                                                  "segments": [
                                                    {
                                                      "ident": {
                                                        "ident": 8,
                                                        "span": {
                                                          "start": 188,
                                                          "end": 194
                                                        },
                                                        "id": {
                                                          "id": 34
                                                        }
                                                      },
                                                      "generics": null
                                                    }
                                                  ]
                                                }
                                              },
                                              "span": {
                                                "start": 188,
                                                "end": 194
                                              },
                                              "id": {
                                                "id": 35
                                              }
                                            },
                                            "ident": {
                                              "ident": 12,
                                              "span": {
                                                "start": 195,
                                                "end": 206
                                              },
                                              "id": {
                                                "id": 36
                                              }
                                            }
                                          }
                                        },
                                        "span": {
                                          "start": 188,
                                          "end": 206
                                        },
                                        "id": {
                                          "id": 37
                                        }
                                      },
                                      "args": {
                                        "args": [
                                          {
                                            "kind": {
                                              "Path": {
                                                "segments": [
                                                  {
                                                    "ident": {
                                                      "ident": 6,
                                                      "span": {
                                                        "start": 207,
                                                        "end": 212
                                                      },
                                                      "id": {
                                                        "id": 38
                                                      }
                                                    },
                                                    "generics": null
                                                  }
                                                ]
                                              }
                                            },
                                            "span": {
                                              "start": 207,
                                              "end": 212
                                            },
                                            "id": {
                                              "id": 39
                                            }
                                          }
                                        ]
                                      }
                                    }
                                  },
                                  "span": {
                                    "start": 188,
                                    "end": 213
                                  },
                                  "id": {
                                    "id": 40
                                  }
                                }
                              }
                            },
                            "span": {
                              "start": 187,
                              "end": 213
                            },
                            "id": {
                              "id": 41
                            }
                          }
                        }
                      },
                      "span": {
                        "start": 186,
                        "end": 214
                      },
                      "id": {
                        "id": 42
                      }
                    },
                    "if_true": {
                      "stmts": [
                        {
                          "Expression": {
                            "expr": {
                              "kind": {
                                "Path": {
                                  "segments": [
                                    {
                                      "ident": {
                                        "ident": 5,
                                        "span": {
                                          "start": 225,
                                          "end": 235
                                        },
                                        "id": {
                                          "id": 43
                                        }
                                      },
                                      "generics": null
                                    },
                                    {
                                      "ident": {
                                        "ident": 13,
                                        "span": {
                                          "start": 237,
                                          "end": 251
                                        },
                                        "id": {
                                          "id": 44
                                        }
                                      },
                                      "generics": null
                                    }
                                  ]
                                }
                              },
                              "span": {
                                "start": 225,
                                "end": 251
                              },
                              "id": {
                                "id": 45
                              }
                            },
                            "implicit_return": false
                          }
                        }
                      ],
                      "span": {
                        "start": 215,
                        "end": 257
                      },
                      "id": {
                        "id": 46
                      }
                    },
                    "if_false": {
                      "stmts": [
                        {
                          "Expression": {
                            "expr": {
                              "kind": "None",
                              "span": {
                                "start": 273,
                                "end": 277
                              },
                              "id": {
                                "id": 47
                              }
                            },
                            "implicit_return": false
                          }
                        }
                      ],
                      "span": {
                        "start": 263,
                        "end": 283
                      },
                      "id": {
                        "id": 48
                      }
                    }
                  }
                }
              ],
              "span": {
                "start": 57,
                "end": 285
              },
              "id": {
                "id": 49
              }
            }
          }
        },
        "span": {
          "start": 33,
          "end": 285
        },
        "id": {
          "id": 50
        }
      },
      {
        "kind": {
          "Enum": {
            "name": {
              "ident": 5,
              "span": {
                "start": 292,
                "end": 302
              },
              "id": {
                "id": 51
              }
            },
            "generic_params": {
              "params": []
            },
            "members": [
              {
                "name": 11,
                "fields": {
                  "params": []
                },
                "member_fns": [],
                "span": {
                  "start": 309,
                  "end": 324
                },
                "id": {
                  "id": 52
                }
              },
              {
                "name": 13,
                "fields": {
                  "params": []
                },
                "member_fns": [],
                "span": {
                  "start": 329,
                  "end": 344
                },
                "id": {
                  "id": 53
                }
              }
            ],
            "member_fns": []
          }
        },
        "span": {
          "start": 287,
          "end": 346
        },
        "id": {
          "id": 54
        }
      }
    ],
    "parse_errors": []
  }
]