[
  {
    "string_interner": [
      "std",
      "math",
      "Display",
      "Number",
      "Vector",
      "N",
      "Normalized",
      "x",
      "y",
      "Absolute",
      "to_normalized",
      "normalized",
      "abs",
      "magnitude",
      "sqrt",
      "self"
    ],
    "crate_id": 0,
    "local_def_id": 98
  },
  {
    "path": {
      "krate_path": []
    },
    "items": [
      {
        "kind": {
          "Use": {
            "ident_type": "LocalOrUse",
            "idents": [
              {
                "ident": 1,
                "span": {
                  "start": 4,
                  "end": 7
                },
                "id": 0
              },
              {
                "ident": 2,
                "span": {
                  "start": 9,
                  "end": 13
                },
                "id": 1
              }
            ]
          }
        },
        "span": {
          "start": 0,
          "end": 14
        },
        "id": 2
      },
      {
        "kind": {
          "Use": {
            "ident_type": "LocalOrUse",
            "idents": [
              {
                "ident": 1,
                "span": {
                  "start": 19,
                  "end": 22
                },
                "id": 3
              },
              {
                "ident": 3,
                "span": {
                  "start": 24,
                  "end": 31
                },
                "id": 4
              }
            ]
          }
        },
        "span": {
          "start": 15,
          "end": 32
        },
        "id": 5
      },
      {
        "kind": {
          "Use": {
            "ident_type": "LocalOrUse",
            "idents": [
              {
                "ident": 1,
                "span": {
                  "start": 37,
                  "end": 40
                },
                "id": 6
              },
              {
                "ident": 4,
                "span": {
                  "start": 42,
                  "end": 48
                },
                "id": 7
              }
            ]
          }
        },
        "span": {
          "start": 33,
          "end": 49
        },
        "id": 8
      },
      {
        "kind": {
          "Enum": {
            "name": {
              "ident": 5,
              "span": {
                "start": 56,
                "end": 62
              },
              "id": 9
            },
            "generic_params": {
              "params": [
                {
                  "name": {
                    "ident": 6,
                    "span": {
                      "start": 63,
                      "end": 64
                    },
                    "id": 10
                  },
                  "trait_bound": {
                    "kind": {
                      "TraitBound": {
                        "trait_bound": {
                          "bounds": [
                            {
                              "ident": {
                                "ident_type": "LocalOrUse",
                                "idents": [
                                  {
                                    "ident": 4,
                                    "span": {
                                      "start": 66,
                                      "end": 72
                                    },
                                    "id": 11
                                  }
                                ]
                              },
                              "generics": {
                                "generics": []
                              }
                            },
                            {
                              "ident": {
                                "ident_type": "LocalOrUse",
                                "idents": [
                                  {
                                    "ident": 3,
                                    "span": {
                                      "start": 75,
                                      "end": 82
                                    },
                                    "id": 12
                                  }
                                ]
                              },
                              "generics": {
                                "generics": []
                              }
                            }
                          ]
                        }
                      }
                    },
                    "span": {
                      "start": 66,
                      "end": 82
                    },
                    "id": 13
                  },
                  "span": {
                    "start": 63,
                    "end": 82
                  },
                  "id": 14
                }
              ]
            },
            "members": [
              {
                "name": 7,
                "fields": {
                  "params": [
                    {
                      "name": {
                        "ident": 8,
                        "span": {
                          "start": 101,
                          "end": 102
                        },
                        "id": 15
                      },
                      "ty": {
                        "kind": {
                          "Path": {
                            "path": {
                              "ident": {
                                "ident_type": "LocalOrUse",
                                "idents": [
                                  {
                                    "ident": 6,
                                    "span": {
                                      "start": 104,
                                      "end": 105
                                    },
                                    "id": 16
                                  }
                                ]
                              },
                              "generics": {
                                "generics": []
                              }
                            }
                          }
                        },
                        "span": {
                          "start": 104,
                          "end": 105
                        },
                        "id": 17
                      },
                      "span": {
                        "start": 101,
                        "end": 105
                      },
                      "id": 18
                    },
                    {
                      "name": {
                        "ident": 9,
                        "span": {
                          "start": 107,
                          "end": 108
                        },
                        "id": 19
                      },
                      "ty": {
                        "kind": {
                          "Path": {
                            "path": {
                              "ident": {
                                "ident_type": "LocalOrUse",
                                "idents": [
                                  {
                                    "ident": 6,
                                    "span": {
                                      "start": 110,
                                      "end": 111
                                    },
                                    "id": 20
                                  }
                                ]
                              },
                              "generics": {
                                "generics": []
                              }
                            }
                          }
                        },
                        "span": {
                          "start": 110,
                          "end": 111
                        },
                        "id": 21
                      },
                      "span": {
                        "start": 107,
                        "end": 111
                      },
                      "id": 22
                    }
                  ]
                },
                "self_fns": [],
                "span": {
                  "start": 90,
                  "end": 112
                },
                "id": 23
              },
              {
                "name": 10,
                "fields": {
                  "params": [
                    {
                      "name": {
                        "ident": 8,
                        "span": {
                          "start": 127,
                          "end": 128
                        },
                        "id": 24
                      },
                      "ty": {
                        "kind": {
                          "Path": {
                            "path": {
                              "ident": {
                                "ident_type": "LocalOrUse",
                                "idents": [
                                  {
                                    "ident": 6,
                                    "span": {
                                      "start": 130,
                                      "end": 131
                                    },
                                    "id": 25
                                  }
                                ]
                              },
                              "generics": {
                                "generics": []
                              }
                            }
                          }
                        },
                        "span": {
                          "start": 130,
                          "end": 131
                        },
                        "id": 26
                      },
                      "span": {
                        "start": 127,
                        "end": 131
                      },
                      "id": 27
                    },
                    {
                      "name": {
                        "ident": 9,
                        "span": {
                          "start": 133,
                          "end": 134
                        },
                        "id": 28
                      },
                      "ty": {
                        "kind": {
                          "Path": {
                            "path": {
                              "ident": {
                                "ident_type": "LocalOrUse",
                                "idents": [
                                  {
                                    "ident": 6,
                                    "span": {
                                      "start": 136,
                                      "end": 137
                                    },
                                    "id": 29
                                  }
                                ]
                              },
                              "generics": {
                                "generics": []
                              }
                            }
                          }
                        },
                        "span": {
                          "start": 136,
                          "end": 137
                        },
                        "id": 30
                      },
                      "span": {
                        "start": 133,
                        "end": 137
                      },
                      "id": 31
                    }
                  ]
                },
                "self_fns": [],
                "span": {
                  "start": 118,
                  "end": 138
                },
                "id": 32
              }
            ],
            "self_fns": [
              {
                "sig": {
                  "name": {
                    "ident": 11,
                    "span": {
                      "start": 148,
                      "end": 161
                    },
                    "id": 33
                  },
                  "generic_params": {
                    "params": []
                  },
                  "params": {
                    "params": [
                      {
                        "name": {
                          "ident": 16,
                          "span": {
                            "start": 162,
                            "end": 166
                          },
                          "id": 34
                        },
                        "ty": {
                          "kind": "QSelf",
                          "span": {
                            "start": 162,
                            "end": 166
                          },
                          "id": 35
                        },
                        "mutability": "Immutable",
                        "span": {
                          "start": 162,
                          "end": 166
                        },
                        "id": 36
                      }
                    ]
                  },
                  "return_type": {
                    "kind": {
                      "Path": {
                        "path": {
                          "ident": {
                            "ident_type": "LocalOrUse",
                            "idents": [
                              {
                                "ident": 5,
                                "span": {
                                  "start": 171,
                                  "end": 177
                                },
                                "id": 37
                              }
                            ]
                          },
                          "generics": {
                            "generics": []
                          }
                        }
                      }
                    },
                    "span": {
                      "start": 171,
                      "end": 177
                    },
                    "id": 38
                  }
                },
                "body": {
                  "stmts": [
                    {
                      "kind": {
                        "Expression": {
                          "expr": {
                            "kind": {
                              "Match": {
                                "source": {
                                  "kind": {
                                    "Path": {
                                      "ident_type": "LocalOrUse",
                                      "segments": [
                                        {
                                          "ident": {
                                            "ident": 16,
                                            "span": {
                                              "start": 194,
                                              "end": 198
                                            },
                                            "id": 39
                                          },
                                          "generics": null
                                        }
                                      ]
                                    }
                                  },
                                  "span": {
                                    "start": 194,
                                    "end": 198
                                  },
                                  "id": 40
                                },
                                "arms": [
                                  {
                                    "pattern": {
                                      "Ty": {
                                        "ty": {
                                          "kind": {
                                            "Path": {
                                              "path": {
                                                "ident": {
                                                  "ident_type": "LocalOrUse",
                                                  "idents": [
                                                    {
                                                      "ident": 7,
                                                      "span": {
                                                        "start": 213,
                                                        "end": 223
                                                      },
                                                      "id": 41
                                                    }
                                                  ]
                                                },
                                                "generics": {
                                                  "generics": []
                                                }
                                              }
                                            }
                                          },
                                          "span": {
                                            "start": 213,
                                            "end": 223
                                          },
                                          "id": 42
                                        },
                                        "ident": 12
                                      }
                                    },
                                    "body": {
                                      "kind": {
                                        "Expression": {
                                          "expr": {
                                            "kind": {
                                              "Path": {
                                                "ident_type": "LocalOrUse",
                                                "segments": [
                                                  {
                                                    "ident": {
                                                      "ident": 12,
                                                      "span": {
                                                        "start": 238,
                                                        "end": 248
                                                      },
                                                      "id": 43
                                                    },
                                                    "generics": null
                                                  }
                                                ]
                                              }
                                            },
                                            "span": {
                                              "start": 238,
                                              "end": 248
                                            },
                                            "id": 44
                                          },
                                          "implicit_return": true
                                        }
                                      },
                                      "span": {
                                        "start": 238,
                                        "end": 248
                                      },
                                      "id": 45
                                    }
                                  },
                                  {
                                    "pattern": {
                                      "Ty": {
                                        "ty": {
                                          "kind": {
                                            "Path": {
                                              "path": {
                                                "ident": {
                                                  "ident_type": "LocalOrUse",
                                                  "idents": [
                                                    {
                                                      "ident": 10,
                                                      "span": {
                                                        "start": 262,
                                                        "end": 270
                                                      },
                                                      "id": 46
                                                    }
                                                  ]
                                                },
                                                "generics": {
                                                  "generics": []
                                                }
                                              }
                                            }
                                          },
                                          "span": {
                                            "start": 262,
                                            "end": 270
                                          },
                                          "id": 47
                                        },
                                        "ident": 13
                                      }
                                    },
                                    "body": {
                                      "kind": {
                                        "Block": {
                                          "stmts": [
                                            {
                                              "kind": {
                                                "Let": {
                                                  "ident": {
                                                    "ident": 14,
                                                    "span": {
                                                      "start": 300,
                                                      "end": 309
                                                    },
                                                    "id": 48
                                                  },
                                                  "mutability": "Immutable",
                                                  "ty": null,
                                                  "initializer": {
                                                    "kind": {
                                                      "Call": {
                                                        "target": {
                                                          "kind": {
                                                            "Path": {
                                                              "ident_type": "LocalOrUse",
                                                              "segments": [
                                                                {
                                                                  "ident": {
                                                                    "ident": 2,
                                                                    "span": {
                                                                      "start": 312,
                                                                      "end": 316
                                                                    },
                                                                    "id": 49
                                                                  },
                                                                  "generics": null
                                                                },
                                                                {
                                                                  "ident": {
                                                                    "ident": 15,
                                                                    "span": {
                                                                      "start": 318,
                                                                      "end": 322
                                                                    },
                                                                    "id": 50
                                                                  },
                                                                  "generics": null
                                                                }
                                                              ]
                                                            }
                                                          },
                                                          "span": {
                                                            "start": 312,
                                                            "end": 322
                                                          },
                                                          "id": 51
                                                        },
                                                        "args": {
                                                          "args": [
                                                            {
                                                              "kind": {
                                                                "Infix": {
                                                                  "operator": "Add",
                                                                  "lhs": {
                                                                    "kind": {
                                                                      "Infix": {
                                                                        "operator": "Multiply",
                                                                        "lhs": {
                                                                          "kind": {
                                                                            "Field": {
                                                                              "lhs": {
                                                                                "kind": {
                                                                                  "Path": {
                                                                                    "ident_type": "LocalOrUse",
                                                                                    "segments": [
                                                                                      {
                                                                                        "ident": {
                                                                                          "ident": 13,
                                                                                          "span": {
                                                                                            "start": 323,
                                                                                            "end": 326
                                                                                          },
                                                                                          "id": 52
                                                                                        },
                                                                                        "generics": null
                                                                                      }
                                                                                    ]
                                                                                  }
                                                                                },
                                                                                "span": {
                                                                                  "start": 323,
                                                                                  "end": 326
                                                                                },
                                                                                "id": 53
                                                                              },
                                                                              "ident": {
                                                                                "ident": 8,
                                                                                "span": {
                                                                                  "start": 327,
                                                                                  "end": 328
                                                                                },
                                                                                "id": 54
                                                                              }
                                                                            }
                                                                          },
                                                                          "span": {
                                                                            "start": 323,
                                                                            "end": 328
                                                                          },
                                                                          "id": 55
                                                                        },
                                                                        "rhs": {
                                                                          "kind": {
                                                                            "Field": {
                                                                              "lhs": {
                                                                                "kind": {
                                                                                  "Path": {
                                                                                    "ident_type": "LocalOrUse",
                                                                                    "segments": [
                                                                                      {
                                                                                        "ident": {
                                                                                          "ident": 13,
                                                                                          "span": {
                                                                                            "start": 331,
                                                                                            "end": 334
                                                                                          },
                                                                                          "id": 56
                                                                                        },
                                                                                        "generics": null
                                                                                      }
                                                                                    ]
                                                                                  }
                                                                                },
                                                                                "span": {
                                                                                  "start": 331,
                                                                                  "end": 334
                                                                                },
                                                                                "id": 57
                                                                              },
                                                                              "ident": {
                                                                                "ident": 8,
                                                                                "span": {
                                                                                  "start": 335,
                                                                                  "end": 336
                                                                                },
                                                                                "id": 58
                                                                              }
                                                                            }
                                                                          },
                                                                          "span": {
                                                                            "start": 331,
                                                                            "end": 336
                                                                          },
                                                                          "id": 59
                                                                        }
                                                                      }
                                                                    },
                                                                    "span": {
                                                                      "start": 323,
                                                                      "end": 336
                                                                    },
                                                                    "id": 60
                                                                  },
                                                                  "rhs": {
                                                                    "kind": {
                                                                      "Infix": {
                                                                        "operator": "Multiply",
                                                                        "lhs": {
                                                                          "kind": {
                                                                            "Field": {
                                                                              "lhs": {
                                                                                "kind": {
                                                                                  "Path": {
                                                                                    "ident_type": "LocalOrUse",
                                                                                    "segments": [
                                                                                      {
                                                                                        "ident": {
                                                                                          "ident": 13,
                                                                                          "span": {
                                                                                            "start": 339,
                                                                                            "end": 342
                                                                                          },
                                                                                          "id": 61
                                                                                        },
                                                                                        "generics": null
                                                                                      }
                                                                                    ]
                                                                                  }
                                                                                },
                                                                                "span": {
                                                                                  "start": 339,
                                                                                  "end": 342
                                                                                },
                                                                                "id": 62
                                                                              },
                                                                              "ident": {
                                                                                "ident": 9,
                                                                                "span": {
                                                                                  "start": 343,
                                                                                  "end": 344
                                                                                },
                                                                                "id": 63
                                                                              }
                                                                            }
                                                                          },
                                                                          "span": {
                                                                            "start": 339,
                                                                            "end": 344
                                                                          },
                                                                          "id": 64
                                                                        },
                                                                        "rhs": {
                                                                          "kind": {
                                                                            "Field": {
                                                                              "lhs": {
                                                                                "kind": {
                                                                                  "Path": {
                                                                                    "ident_type": "LocalOrUse",
                                                                                    "segments": [
                                                                                      {
                                                                                        "ident": {
                                                                                          "ident": 13,
                                                                                          "span": {
                                                                                            "start": 347,
                                                                                            "end": 350
                                                                                          },
                                                                                          "id": 65
                                                                                        },
                                                                                        "generics": null
                                                                                      }
                                                                                    ]
                                                                                  }
                                                                                },
                                                                                "span": {
                                                                                  "start": 347,
                                                                                  "end": 350
                                                                                },
                                                                                "id": 66
                                                                              },
                                                                              "ident": {
                                                                                "ident": 9,
                                                                                "span": {
                                                                                  "start": 351,
                                                                                  "end": 352
                                                                                },
                                                                                "id": 67
                                                                              }
                                                                            }
                                                                          },
                                                                          "span": {
                                                                            "start": 347,
                                                                            "end": 352
                                                                          },
                                                                          "id": 68
                                                                        }
                                                                      }
                                                                    },
                                                                    "span": {
                                                                      "start": 339,
                                                                      "end": 352
                                                                    },
                                                                    "id": 69
                                                                  }
                                                                }
                                                              },
                                                              "span": {
                                                                "start": 323,
                                                                "end": 352
                                                              },
                                                              "id": 70
                                                            }
                                                          ]
                                                        }
                                                      }
                                                    },
                                                    "span": {
                                                      "start": 312,
                                                      "end": 353
                                                    },
                                                    "id": 71
                                                  }
                                                }
                                              },
                                              "span": {
                                                "start": 296,
                                                "end": 354
                                              },
                                              "id": 72
                                            },
                                            {
                                              "kind": {
                                                "Expression": {
                                                  "expr": {
                                                    "kind": {
                                                      "Call": {
                                                        "target": {
                                                          "kind": {
                                                            "Path": {
                                                              "ident_type": "LocalOrUse",
                                                              "segments": [
                                                                {
                                                                  "ident": {
                                                                    "ident": 7,
                                                                    "span": {
                                                                      "start": 371,
                                                                      "end": 381
                                                                    },
                                                                    "id": 73
                                                                  },
                                                                  "generics": null
                                                                }
                                                              ]
                                                            }
                                                          },
                                                          "span": {
                                                            "start": 371,
                                                            "end": 381
                                                          },
                                                          "id": 74
                                                        },
                                                        "args": {
                                                          "args": [
                                                            {
                                                              "kind": {
                                                                "Infix": {
                                                                  "operator": "Divide",
                                                                  "lhs": {
                                                                    "kind": {
                                                                      "Field": {
                                                                        "lhs": {
                                                                          "kind": {
                                                                            "Path": {
                                                                              "ident_type": "LocalOrUse",
                                                                              "segments": [
                                                                                {
                                                                                  "ident": {
                                                                                    "ident": 13,
                                                                                    "span": {
                                                                                      "start": 382,
                                                                                      "end": 385
                                                                                    },
                                                                                    "id": 75
                                                                                  },
                                                                                  "generics": null
                                                                                }
                                                                              ]
                                                                            }
                                                                          },
                                                                          "span": {
                                                                            "start": 382,
                                                                            "end": 385
                                                                          },
                                                                          "id": 76
                                                                        },
                                                                        "ident": {
                                                                          "ident": 8,
                                                                          "span": {
                                                                            "start": 386,
                                                                            "end": 387
                                                                          },
                                                                          "id": 77
                                                                        }
                                                                      }
                                                                    },
                                                                    "span": {
                                                                      "start": 382,
                                                                      "end": 387
                                                                    },
                                                                    "id": 78
                                                                  },
                                                                  "rhs": {
                                                                    "kind": {
                                                                      "Path": {
                                                                        "ident_type": "LocalOrUse",
                                                                        "segments": [
                                                                          {
                                                                            "ident": {
                                                                              "ident": 14,
                                                                              "span": {
                                                                                "start": 390,
                                                                                "end": 399
                                                                              },
                                                                              "id": 79
                                                                            },
                                                                            "generics": null
                                                                          }
                                                                        ]
                                                                      }
                                                                    },
                                                                    "span": {
                                                                      "start": 390,
                                                                      "end": 399
                                                                    },
                                                                    "id": 80
                                                                  }
                                                                }
                                                              },
                                                              "span": {
                                                                "start": 382,
                                                                "end": 399
                                                              },
                                                              "id": 81
                                                            },
                                                            {
                                                              "kind": {
                                                                "Infix": {
                                                                  "operator": "Divide",
                                                                  "lhs": {
                                                                    "kind": {
                                                                      "Field": {
                                                                        "lhs": {
                                                                          "kind": {
                                                                            "Path": {
                                                                              "ident_type": "LocalOrUse",
                                                                              "segments": [
                                                                                {
                                                                                  "ident": {
                                                                                    "ident": 13,
                                                                                    "span": {
                                                                                      "start": 401,
                                                                                      "end": 404
                                                                                    },
                                                                                    "id": 82
                                                                                  },
                                                                                  "generics": null
                                                                                }
                                                                              ]
                                                                            }
                                                                          },
                                                                          "span": {
                                                                            "start": 401,
                                                                            "end": 404
                                                                          },
                                                                          "id": 83
                                                                        },
                                                                        "ident": {
                                                                          "ident": 9,
                                                                          "span": {
                                                                            "start": 405,
                                                                            "end": 406
                                                                          },
                                                                          "id": 84
                                                                        }
                                                                      }
                                                                    },
                                                                    "span": {
                                                                      "start": 401,
                                                                      "end": 406
                                                                    },
                                                                    "id": 85
                                                                  },
                                                                  "rhs": {
                                                                    "kind": {
                                                                      "Path": {
                                                                        "ident_type": "LocalOrUse",
                                                                        "segments": [
                                                                          {
                                                                            "ident": {
                                                                              "ident": 14,
                                                                              "span": {
                                                                                "start": 409,
                                                                                "end": 418
                                                                              },
                                                                              "id": 86
                                                                            },
                                                                            "generics": null
                                                                          }
                                                                        ]
                                                                      }
                                                                    },
                                                                    "span": {
                                                                      "start": 409,
                                                                      "end": 418
                                                                    },
                                                                    "id": 87
                                                                  }
                                                                }
                                                              },
                                                              "span": {
                                                                "start": 401,
                                                                "end": 418
                                                              },
                                                              "id": 88
                                                            }
                                                          ]
                                                        }
                                                      }
                                                    },
                                                    "span": {
                                                      "start": 371,
                                                      "end": 419
                                                    },
                                                    "id": 89
                                                  },
                                                  "implicit_return": false
                                                }
                                              },
                                              "span": {
                                                "start": 371,
                                                "end": 419
                                              },
                                              "id": 90
                                            }
                                          ],
                                          "span": {
                                            "start": 278,
                                            "end": 433
                                          },
                                          "id": 91
                                        }
                                      },
                                      "span": {
                                        "start": 278,
                                        "end": 433
                                      },
                                      "id": 92
                                    }
                                  }
                                ]
                              }
                            },
                            "span": {
                              "start": 188,
                              "end": 443
                            },
                            "id": 93
                          },
                          "implicit_return": false
                        }
                      },
                      "span": {
                        "start": 188,
                        "end": 443
                      },
                      "id": 94
                    }
                  ],
                  "span": {
                    "start": 178,
                    "end": 449
                  },
                  "id": 95
                },
                "span": {
                  "start": 145,
                  "end": 449
                },
                "id": 96
              }
            ]
          }
        },
        "span": {
          "start": 51,
          "end": 451
        },
        "id": 97
      }
    ]
  }
]