{
  "name": 1,
  "id": {
    "id": 0
  },
  "local_def_id": 46,
  "module_lookup": [
    [
      {
        "krate_path": [
          8
        ]
      },
      {
        "path": {
          "krate_path": [
            8
          ]
        },
        "items": [
          {
            "kind": {
              "Fn": {
                "sig": {
                  "name": {
                    "ident": 9,
                    "span": {
                      "start": 3,
                      "end": 11
                    },
                    "id": 23
                  },
                  "generic_params": {
                    "params": [
                      {
                        "ident": {
                          "ident": 4,
                          "span": {
                            "start": 12,
                            "end": 13
                          },
                          "id": 24
                        },
                        "trait_bound": {
                          "kind": {
                            "TraitBound": {
                              "trait_bound": {
                                "bounds": [
                                  {
                                    "ident": {
                                      "ident_type": "LocalOrUse",
                                      "idents": [
                                        {
                                          "ident": 5,
                                          "span": {
                                            "start": 15,
                                            "end": 21
                                          },
                                          "id": 25
                                        }
                                      ]
                                    },
                                    "generics": {
                                      "generics": []
                                    }
                                  }
                                ]
                              }
                            }
                          },
                          "span": {
                            "start": 15,
                            "end": 21
                          },
                          "id": 26
                        },
                        "span": {
                          "start": 12,
                          "end": 21
                        },
                        "id": 27
                      }
                    ]
                  },
                  "params": {
                    "params": [
                      {
                        "ident": {
                          "ident": 6,
                          "span": {
                            "start": 23,
                            "end": 26
                          },
                          "id": 28
                        },
                        "ty": {
                          "kind": {
                            "Path": {
                              "path": {
                                "ident": {
                                  "ident_type": "LocalOrUse",
                                  "idents": [
                                    {
                                      "ident": 4,
                                      "span": {
                                        "start": 28,
                                        "end": 29
                                      },
                                      "id": 29
                                    }
                                  ]
                                },
                                "generics": {
                                  "generics": []
                                }
                              }
                            }
                          },
                          "span": {
                            "start": 28,
                            "end": 29
                          },
                          "id": 30
                        },
                        "mutability": "Immutable",
                        "span": {
                          "start": 23,
                          "end": 29
                        },
                        "id": 31
                      },
                      {
                        "ident": {
                          "ident": 7,
                          "span": {
                            "start": 31,
                            "end": 34
                          },
                          "id": 32
                        },
                        "ty": {
                          "kind": {
                            "Path": {
                              "path": {
                                "ident": {
                                  "ident_type": "LocalOrUse",
                                  "idents": [
                                    {
                                      "ident": 4,
                                      "span": {
                                        "start": 36,
                                        "end": 37
                                      },
                                      "id": 33
                                    }
                                  ]
                                },
                                "generics": {
                                  "generics": []
                                }
                              }
                            }
                          },
                          "span": {
                            "start": 36,
                            "end": 37
                          },
                          "id": 34
                        },
                        "mutability": "Immutable",
                        "span": {
                          "start": 31,
                          "end": 37
                        },
                        "id": 35
                      }
                    ]
                  },
                  "return_type": {
                    "kind": {
                      "Path": {
                        "path": {
                          "ident": {
                            "ident_type": "LocalOrUse",
                            "idents": [
                              {
                                "ident": 4,
                                "span": {
                                  "start": 42,
                                  "end": 43
                                },
                                "id": 36
                              }
                            ]
                          },
                          "generics": {
                            "generics": []
                          }
                        }
                      }
                    },
                    "span": {
                      "start": 42,
                      "end": 43
                    },
                    "id": 37
                  }
                },
                "body": {
                  "stmts": [
                    {
                      "kind": {
                        "Expression": {
                          "expr": {
                            "kind": {
                              "Infix": {
                                "operator": "Subtract",
                                "lhs": {
                                  "kind": {
                                    "Path": {
                                      "ident_type": "LocalOrUse",
                                      "segments": [
                                        {
                                          "ident": {
                                            "ident": 6,
                                            "span": {
                                              "start": 50,
                                              "end": 53
                                            },
                                            "id": 38
                                          },
                                          "generics": null
                                        }
                                      ]
                                    }
                                  },
                                  "span": {
                                    "start": 50,
                                    "end": 53
                                  },
                                  "id": 39
                                },
                                "rhs": {
                                  "kind": {
                                    "Path": {
                                      "ident_type": "LocalOrUse",
                                      "segments": [
                                        {
                                          "ident": {
                                            "ident": 7,
                                            "span": {
                                              "start": 56,
                                              "end": 59
                                            },
                                            "id": 40
                                          },
                                          "generics": null
                                        }
                                      ]
                                    }
                                  },
                                  "span": {
                                    "start": 56,
                                    "end": 59
                                  },
                                  "id": 41
                                }
                              }
                            },
                            "span": {
                              "start": 50,
                              "end": 59
                            },
                            "id": 42
                          },
                          "implicit_return": false
                        }
                      },
                      "span": {
                        "start": 50,
                        "end": 59
                      },
                      "id": 43
                    }
                  ],
                  "span": {
                    "start": 44,
                    "end": 61
                  },
                  "id": 44
                }
              }
            },
            "span": {
              "start": 0,
              "end": 61
            },
            "id": 45
          }
        ]
      }
    ],
    [
      {
        "krate_path": [
          2
        ]
      },
      {
        "path": {
          "krate_path": [
            2
          ]
        },
        "items": [
          {
            "kind": {
              "Fn": {
                "sig": {
                  "name": {
                    "ident": 3,
                    "span": {
                      "start": 3,
                      "end": 6
                    },
                    "id": 0
                  },
                  "generic_params": {
                    "params": [
                      {
                        "ident": {
                          "ident": 4,
                          "span": {
                            "start": 7,
                            "end": 8
                          },
                          "id": 1
                        },
                        "trait_bound": {
                          "kind": {
                            "TraitBound": {
                              "trait_bound": {
                                "bounds": [
                                  {
                                    "ident": {
                                      "ident_type": "LocalOrUse",
                                      "idents": [
                                        {
                                          "ident": 5,
                                          "span": {
                                            "start": 10,
                                            "end": 16
                                          },
                                          "id": 2
                                        }
                                      ]
                                    },
                                    "generics": {
                                      "generics": []
                                    }
                                  }
                                ]
                              }
                            }
                          },
                          "span": {
                            "start": 10,
                            "end": 16
                          },
                          "id": 3
                        },
                        "span": {
                          "start": 7,
                          "end": 16
                        },
                        "id": 4
                      }
                    ]
                  },
                  "params": {
                    "params": [
                      {
                        "ident": {
                          "ident": 6,
                          "span": {
                            "start": 18,
                            "end": 21
                          },
                          "id": 5
                        },
                        "ty": {
                          "kind": {
                            "Path": {
                              "path": {
                                "ident": {
                                  "ident_type": "LocalOrUse",
                                  "idents": [
                                    {
                                      "ident": 4,
                                      "span": {
                                        "start": 23,
                                        "end": 24
                                      },
                                      "id": 6
                                    }
                                  ]
                                },
                                "generics": {
                                  "generics": []
                                }
                              }
                            }
                          },
                          "span": {
                            "start": 23,
                            "end": 24
                          },
                          "id": 7
                        },
                        "mutability": "Immutable",
                        "span": {
                          "start": 18,
                          "end": 24
                        },
                        "id": 8
                      },
                      {
                        "ident": {
                          "ident": 7,
                          "span": {
                            "start": 26,
                            "end": 29
                          },
                          "id": 9
                        },
                        "ty": {
                          "kind": {
                            "Path": {
                              "path": {
                                "ident": {
                                  "ident_type": "LocalOrUse",
                                  "idents": [
                                    {
                                      "ident": 4,
                                      "span": {
                                        "start": 31,
                                        "end": 32
                                      },
                                      "id": 10
                                    }
                                  ]
                                },
                                "generics": {
                                  "generics": []
                                }
                              }
                            }
                          },
                          "span": {
                            "start": 31,
                            "end": 32
                          },
                          "id": 11
                        },
                        "mutability": "Immutable",
                        "span": {
                          "start": 26,
                          "end": 32
                        },
                        "id": 12
                      }
                    ]
                  },
                  "return_type": {
                    "kind": {
                      "Path": {
                        "path": {
                          "ident": {
                            "ident_type": "LocalOrUse",
                            "idents": [
                              {
                                "ident": 4,
                                "span": {
                                  "start": 37,
                                  "end": 38
                                },
                                "id": 13
                              }
                            ]
                          },
                          "generics": {
                            "generics": []
                          }
                        }
                      }
                    },
                    "span": {
                      "start": 37,
                      "end": 38
                    },
                    "id": 14
                  }
                },
                "body": {
                  "stmts": [
                    {
                      "kind": {
                        "Expression": {
                          "expr": {
                            "kind": {
                              "Infix": {
                                "operator": "Add",
                                "lhs": {
                                  "kind": {
                                    "Path": {
                                      "ident_type": "LocalOrUse",
                                      "segments": [
                                        {
                                          "ident": {
                                            "ident": 6,
                                            "span": {
                                              "start": 45,
                                              "end": 48
                                            },
                                            "id": 15
                                          },
                                          "generics": null
                                        }
                                      ]
                                    }
                                  },
                                  "span": {
                                    "start": 45,
                                    "end": 48
                                  },
                                  "id": 16
                                },
                                "rhs": {
                                  "kind": {
                                    "Path": {
                                      "ident_type": "LocalOrUse",
                                      "segments": [
                                        {
                                          "ident": {
                                            "ident": 7,
                                            "span": {
                                              "start": 51,
                                              "end": 54
                                            },
                                            "id": 17
                                          },
                                          "generics": null
                                        }
                                      ]
                                    }
                                  },
                                  "span": {
                                    "start": 51,
                                    "end": 54
                                  },
                                  "id": 18
                                }
                              }
                            },
                            "span": {
                              "start": 45,
                              "end": 54
                            },
                            "id": 19
                          },
                          "implicit_return": false
                        }
                      },
                      "span": {
                        "start": 45,
                        "end": 54
                      },
                      "id": 20
                    }
                  ],
                  "span": {
                    "start": 39,
                    "end": 56
                  },
                  "id": 21
                }
              }
            },
            "span": {
              "start": 0,
              "end": 56
            },
            "id": 22
          }
        ]
      }
    ]
  ],
  "namespace": [
    [
      {
        "krate_path": [
          2
        ]
      },
      {
        "items": {
          "3": 22
        }
      }
    ],
    [
      {
        "krate_path": [
          8
        ]
      },
      {
        "items": {
          "9": 45
        }
      }
    ]
  ]
}