[
  {
    "string_interner": [
      "enum_matching",
      "enum_match",
      "crate",
      "enum_message",
      "Message",
      "message",
      "Text",
      "null",
      "extracted_text",
      "str",
      "Photo",
      "photo",
      "",
      "caption",
      "SerializedPhoto",
      "size",
      "u64",
      "self"
    ],
    "source_map": {
      