[
  [
    "geometry_classes",
    "Node",
    "bounds",
    "Bounds",
    "is_target",
    "pick_point",
    "PickPoint",
    "bool",
    "contains",
    "x",
    "i32",
    "y",
    "width",
    "height",
    "max_x",
    "max_y",
    "self"
  ],
  {
    "1": {
      "name": 1,
      "id": {
        "id": 0
      },
      "items": [
        13,
        63,
        68
      ],
      "nodes": {
        "0": {
          "kind": {
            "Ty": {
              "Path": {
                "path": {
                  "definition": {
                    "crate_id": 0,
                    "local_id": 63
                  },
                  "generics": []
                }
              }
            }
          },
          "span": {
            "start": 29,
            "end": 35
          },
          "id": 0
        },
        "1": {
          "kind": {
            "Field": {
              "ident": {
                "ident": 3,
                "span": {
                  "start": 21,
                  "end": 27
                }
              },
              "ty": 0
            }
          },
          "span": {
            "start": 21,
            "end": 35
          },
          "id": 1
        },
        "2": {
          "kind": {
            "Ty": {
              "Path": {
                "path": {
                  "definition": {
                    "crate_id": 0,
                    "local_id": 68
                  },
                  "generics": []
                }
              }
            }
          },
          "span": {
            "start": 67,
            "end": 76
          },
          "id": 2
        },
        "3": {
          "kind": {
            "Param": {
              "ident": {
                "ident": 6,
                "span": {
                  "start": 55,
                  "end": 65
                }
              },
              "ty": 2,
              "mutability": "Immutable"
            }
          },
          "span": {
            "start": 55,
            "end": 76
          },
          "id": 3
        },
        "4": {
          "kind": {
            "Ty": "Boolean"
          },
          "span": {
            "start": 81,
            "end": 85
          },
          "id": 4
        },
        "5": {
          "kind": {
            "Expr": {
              "Path": {
                "segments": [
                  {
                    "ident": {
                      "ident": 17,
                      "span": {
                        "start": 96,
                        "end": 100
                      }
                    },
                    "generics": null
                  }
                ]
              }
            }
          },
          "span": {
            "start": 96,
            "end": 100
          },
          "id": 5
        },
        "6": {
          "kind": {
            "Expr": {
              "Field": {
                "lhs": 5,
                "ident": {
                  "ident": 3,
                  "span": {
                    "start": 101,
                    "end": 107
                  }
                }
              }
            }
          },
          "span": {
            "start": 96,
            "end": 107
          },
          "id": 6
        },
        "7": {
          "kind": {
            "Expr": {
              "Field": {
                "lhs": 6,
                "ident": {
                  "ident": 9,
                  "span": {
                    "start": 108,
                    "end": 116
                  }
                }
              }
            }
          },
          "span": {
            "start": 96,
            "end": 116
          },
          "id": 7
        },
        "8": {
          "kind": {
            "Expr": {
              "Path": {
                "segments": [
                  {
                    "ident": {
                      "ident": 6,
                      "span": {
                        "start": 117,
                        "end": 127
                      }
                    },
                    "generics": null
                  }
                ]
              }
            }
          },
          "span": {
            "start": 117,
            "end": 127
          },
          "id": 8
        },
        "9": {
          "kind": {
            "Expr": {
              "Call": {
                "target": 7,
                "args": [
                  8
                ]
              }
            }
          },
          "span": {
            "start": 96,
            "end": 128
          },
          "id": 9
        },
        "10": {
          "kind": {
            "Stmt": {
              "Expression": {
                "expr": 9,
                "implicit_return": false
              }
            }
          },
          "span": {
            "start": 96,
            "end": 128
          },
          "id": 10
        },
        "11": {
          "kind": {
            "Block": {
              "stmts": [
                10
              ]
            }
          },
          "span": {
            "start": 86,
            "end": 134
          },
          "id": 11
        },
        "12": {
          "kind": {
            "Fn": {
              "sig": {
                "name": {
                  "ident": 5,
                  "span": {
                    "start": 45,
                    "end": 54
                  }
                },
                "generic_params": {},
                "params": {
                  "6": 3
                },
                "return_type": 4
              },
              "body": 11
            }
          },
          "span": {
            "start": 42,
            "end": 134
          },
          "id": 12
        },
        "13": {
          "kind": {
            "Class": {
              "name": {
                "ident": 2,
                "span": {
                  "start": 10,
                  "end": 14
                }
              },
              "class_type": "Reference",
              "generic_params": {},
              "fields": {
                "3": 1
              },
              "fn_stmts": {
                "5": 12
              }
            }
          },
          "span": {
            "start": 0,
            "end": 136
          },
          "id": 13
        },
        "14": {
          "kind": {
            "Ty": "I32"
          },
          "span": {
            "start": 160,
            "end": 163
          },
          "id": 14
        },
        "15": {
          "kind": {
            "Field": {
              "ident": {
                "ident": 10,
                "span": {
                  "start": 157,
                  "end": 158
                }
              },
              "ty": 14
            }
          },
          "span": {
            "start": 157,
            "end": 163
          },
          "id": 15
        },
        "16": {
          "kind": {
            "Ty": "I32"
          },
          "span": {
            "start": 172,
            "end": 175
          },
          "id": 16
        },
        "17": {
          "kind": {
            "Field": {
              "ident": {
                "ident": 12,
                "span": {
                  "start": 169,
                  "end": 170
                }
              },
              "ty": 16
            }
          },
          "span": {
            "start": 169,
            "end": 175
          },
          "id": 17
        },
        "18": {
          "kind": {
            "Ty": "I32"
          },
          "span": {
            "start": 188,
            "end": 191
          },
          "id": 18
        },
        "19": {
          "kind": {
            "Field": {
              "ident": {
                "ident": 13,
                "span": {
                  "start": 181,
                  "end": 186
                }
              },
              "ty": 18
            }
          },
          "span": {
            "start": 181,
            "end": 191
          },
          "id": 19
        },
        "20": {
          "kind": {
            "Ty": "I32"
          },
          "span": {
            "start": 205,
            "end": 208
          },
          "id": 20
        },
        "21": {
          "kind": {
            "Field": {
              "ident": {
                "ident": 14,
                "span": {
                  "start": 197,
                  "end": 203
                }
              },
              "ty": 20
            }
          },
          "span": {
            "start": 197,
            "end": 208
          },
          "id": 21
        },
        "22": {
          "kind": {
            "Ty": {
              "Path": {
                "path": {
                  "definition": {
                    "crate_id": 0,
                    "local_id": 63
                  },
                  "generics": []
                }
              }
            }
          },
          "span": {
            "start": 227,
            "end": 231
          },
          "id": 22
        },
        "23": {
          "kind": {
            "Param": {
              "ident": {
                "ident": 17,
                "span": {
                  "start": 227,
                  "end": 231
                }
              },
              "ty": 22,
              "mutability": "Immutable"
            }
          },
          "span": {
            "start": 227,
            "end": 231
          },
          "id": 23
        },
        "24": {
          "kind": {
            "Ty": {
              "Path": {
                "path": {
                  "definition": {
                    "crate_id": 0,
                    "local_id": 68
                  },
                  "generics": []
                }
              }
            }
          },
          "span": {
            "start": 245,
            "end": 254
          },
          "id": 24
        },
        "25": {
          "kind": {
            "Param": {
              "ident": {
                "ident": 6,
                "span": {
                  "start": 233,
                  "end": 243
                }
              },
              "ty": 24,
              "mutability": "Immutable"
            }
          },
          "span": {
            "start": 233,
            "end": 254
          },
          "id": 25
        },
        "26": {
          "kind": {
            "Ty": "Boolean"
          },
          "span": {
            "start": 259,
            "end": 263
          },
          "id": 26
        },
        "27": {
          "kind": {
            "Expr": {
              "Path": {
                "segments": [
                  {
                    "ident": {
                      "ident": 17,
                      "span": {
                        "start": 286,
                        "end": 290
                      }
                    },
                    "generics": null
                  }
                ]
              }
            }
          },
          "span": {
            "start": 286,
            "end": 290
          },
          "id": 27
        },
        "28": {
          "kind": {
            "Expr": {
              "Field": {
                "lhs": 27,
                "ident": {
                  "ident": 10,
                  "span": {
                    "start": 291,
                    "end": 292
                  }
                }
              }
            }
          },
          "span": {
            "start": 286,
            "end": 292
          },
          "id": 28
        },
        "29": {
          "kind": {
            "Expr": {
              "Path": {
                "segments": [
                  {
                    "ident": {
                      "ident": 17,
                      "span": {
                        "start": 295,
                        "end": 299
                      }
                    },
                    "generics": null
                  }
                ]
              }
            }
          },
          "span": {
            "start": 295,
            "end": 299
          },
          "id": 29
        },
        "30": {
          "kind": {
            "Expr": {
              "Field": {
                "lhs": 29,
                "ident": {
                  "ident": 13,
                  "span": {
                    "start": 300,
                    "end": 305
                  }
                }
              }
            }
          },
          "span": {
            "start": 295,
            "end": 305
          },
          "id": 30
        },
        "31": {
          "kind": {
            "Expr": {
              "Infix": {
                "operator": "Add",
                "lhs": 28,
                "rhs": 30
              }
            }
          },
          "span": {
            "start": 286,
            "end": 305
          },
          "id": 31
        },
        "32": {
          "kind": {
            "Stmt": {
              "Let": {
                "ident": {
                  "ident": 15,
                  "span": {
                    "start": 278,
                    "end": 283
                  }
                },
                "mutability": "Immutable",
                "ty": null,
                "initializer": 31
              }
            }
          },
          "span": {
            "start": 274,
            "end": 306
          },
          "id": 32
        },
        "33": {
          "kind": {
            "Expr": {
              "Path": {
                "segments": [
                  {
                    "ident": {
                      "ident": 17,
                      "span": {
                        "start": 327,
                        "end": 331
                      }
                    },
                    "generics": null
                  }
                ]
              }
            }
          },
          "span": {
            "start": 327,
            "end": 331
          },
          "id": 33
        },
        "34": {
          "kind": {
            "Expr": {
              "Field": {
                "lhs": 33,
                "ident": {
                  "ident": 12,
                  "span": {
                    "start": 332,
                    "end": 333
                  }
                }
              }
            }
          },
          "span": {
            "start": 327,
            "end": 333
          },
          "id": 34
        },
        "35": {
          "kind": {
            "Expr": {
              "Path": {
                "segments": [
                  {
                    "ident": {
                      "ident": 17,
                      "span": {
                        "start": 336,
                        "end": 340
                      }
                    },
                    "generics": null
                  }
                ]
              }
            }
          },
          "span": {
            "start": 336,
            "end": 340
          },
          "id": 35
        },
        "36": {
          "kind": {
            "Expr": {
              "Field": {
                "lhs": 35,
                "ident": {
                  "ident": 14,
                  "span": {
                    "start": 341,
                    "end": 347
                  }
                }
              }
            }
          },
          "span": {
            "start": 336,
            "end": 347
          },
          "id": 36
        },
        "37": {
          "kind": {
            "Expr": {
              "Infix": {
                "operator": "Add",
                "lhs": 34,
                "rhs": 36
              }
            }
          },
          "span": {
            "start": 327,
            "end": 347
          },
          "id": 37
        },
        "38": {
          "kind": {
            "Stmt": {
              "Let": {
                "ident": {
                  "ident": 16,
                  "span": {
                    "start": 319,
                    "end": 324
                  }
                },
                "mutability": "Immutable",
                "ty": null,
                "initializer": 37
              }
            }
          },
          "span": {
            "start": 315,
            "end": 348
          },
          "id": 38
        },
        "39": {
          "kind": {
            "Expr": {
              "Path": {
                "segments": [
                  {
                    "ident": {
                      "ident": 6,
                      "span": {
                        "start": 364,
                        "end": 374
                      }
                    },
                    "generics": null
                  }
                ]
              }
            }
          },
          "span": {
            "start": 364,
            "end": 374
          },
          "id": 39
        },
        "40": {
          "kind": {
            "Expr": {
              "Field": {
                "lhs": 39,
                "ident": {
                  "ident": 10,
                  "span": {
                    "start": 375,
                    "end": 376
                  }
                }
              }
            }
          },
          "span": {
            "start": 364,
            "end": 376
          },
          "id": 40
        },
        "41": {
          "kind": {
            "Expr": {
              "Path": {
                "segments": [
                  {
                    "ident": {
                      "ident": 15,
                      "span": {
                        "start": 379,
                        "end": 384
                      }
                    },
                    "generics": null
                  }
                ]
              }
            }
          },
          "span": {
            "start": 379,
            "end": 384
          },
          "id": 41
        },
        "42": {
          "kind": {
            "Expr": {
              "Infix": {
                "operator": "Less",
                "lhs": 40,
                "rhs": 41
              }
            }
          },
          "span": {
            "start": 364,
            "end": 384
          },
          "id": 42
        },
        "43": {
          "kind": {
            "Expr": {
              "Path": {
                "segments": [
                  {
                    "ident": {
                      "ident": 6,
                      "span": {
                        "start": 388,
                        "end": 398
                      }
                    },
                    "generics": null
                  }
                ]
              }
            }
          },
          "span": {
            "start": 388,
            "end": 398
          },
          "id": 43
        },
        "44": {
          "kind": {
            "Expr": {
              "Field": {
                "lhs": 43,
                "ident": {
                  "ident": 10,
                  "span": {
                    "start": 399,
                    "end": 400
                  }
                }
              }
            }
          },
          "span": {
            "start": 388,
            "end": 400
          },
          "id": 44
        },
        "45": {
          "kind": {
            "Expr": {
              "Path": {
                "segments": [
                  {
                    "ident": {
                      "ident": 17,
                      "span": {
                        "start": 403,
                        "end": 407
                      }
                    },
                    "generics": null
                  }
                ]
              }
            }
          },
          "span": {
            "start": 403,
            "end": 407
          },
          "id": 45
        },
        "46": {
          "kind": {
            "Expr": {
              "Field": {
                "lhs": 45,
                "ident": {
                  "ident": 10,
                  "span": {
                    "start": 408,
                    "end": 409
                  }
                }
              }
            }
          },
          "span": {
            "start": 403,
            "end": 409
          },
          "id": 46
        },
        "47": {
          "kind": {
            "Expr": {
              "Infix": {
                "operator": "Greater",
                "lhs": 44,
                "rhs": 46
              }
            }
          },
          "span": {
            "start": 388,
            "end": 409
          },
          "id": 47
        },
        "48": {
          "kind": {
            "Expr": {
              "Infix": {
                "operator": "And",
                "lhs": 42,
                "rhs": 47
              }
            }
          },
          "span": {
            "start": 364,
            "end": 409
          },
          "id": 48
        },
        "49": {
          "kind": {
            "Expr": {
              "Path": {
                "segments": [
                  {
                    "ident": {
                      "ident": 6,
                      "span": {
                        "start": 413,
                        "end": 423
                      }
                    },
                    "generics": null
                  }
                ]
              }
            }
          },
          "span": {
            "start": 413,
            "end": 423
          },
          "id": 49
        },
        "50": {
          "kind": {
            "Expr": {
              "Field": {
                "lhs": 49,
                "ident": {
                  "ident": 12,
                  "span": {
                    "start": 424,
                    "end": 425
                  }
                }
              }
            }
          },
          "span": {
            "start": 413,
            "end": 425
          },
          "id": 50
        },
        "51": {
          "kind": {
            "Expr": {
              "Path": {
                "segments": [
                  {
                    "ident": {
                      "ident": 16,
                      "span": {
                        "start": 428,
                        "end": 433
                      }
                    },
                    "generics": null
                  }
                ]
              }
            }
          },
          "span": {
            "start": 428,
            "end": 433
          },
          "id": 51
        },
        "52": {
          "kind": {
            "Expr": {
              "Infix": {
                "operator": "Less",
                "lhs": 50,
                "rhs": 51
              }
            }
          },
          "span": {
            "start": 413,
            "end": 433
          },
          "id": 52
        },
        "53": {
          "kind": {
            "Expr": {
              "Infix": {
                "operator": "And",
                "lhs": 48,
                "rhs": 52
              }
            }
          },
          "span": {
            "start": 364,
            "end": 433
          },
          "id": 53
        },
        "54": {
          "kind": {
            "Expr": {
              "Path": {
                "segments": [
                  {
                    "ident": {
                      "ident": 6,
                      "span": {
                        "start": 437,
                        "end": 447
                      }
                    },
                    "generics": null
                  }
                ]
              }
            }
          },
          "span": {
            "start": 437,
            "end": 447
          },
          "id": 54
        },
        "55": {
          "kind": {
            "Expr": {
              "Field": {
                "lhs": 54,
                "ident": {
                  "ident": 12,
                  "span": {
                    "start": 448,
                    "end": 449
                  }
                }
              }
            }
          },
          "span": {
            "start": 437,
            "end": 449
          },
          "id": 55
        },
        "56": {
          "kind": {
            "Expr": {
              "Path": {
                "segments": [
                  {
                    "ident": {
                      "ident": 17,
                      "span": {
                        "start": 452,
                        "end": 456
                      }
                    },
                    "generics": null
                  }
                ]
              }
            }
          },
          "span": {
            "start": 452,
            "end": 456
          },
          "id": 56
        },
        "57": {
          "kind": {
            "Expr": {
              "Field": {
                "lhs": 56,
                "ident": {
                  "ident": 12,
                  "span": {
                    "start": 457,
                    "end": 458
                  }
                }
              }
            }
          },
          "span": {
            "start": 452,
            "end": 458
          },
          "id": 57
        },
        "58": {
          "kind": {
            "Expr": {
              "Infix": {
                "operator": "Greater",
                "lhs": 55,
                "rhs": 57
              }
            }
          },
          "span": {
            "start": 437,
            "end": 458
          },
          "id": 58
        },
        "59": {
          "kind": {
            "Expr": {
              "Infix": {
                "operator": "And",
                "lhs": 53,
                "rhs": 58
              }
            }
          },
          "span": {
            "start": 364,
            "end": 458
          },
          "id": 59
        },
        "60": {
          "kind": {
            "Stmt": {
              "Return": {
                "value": 59
              }
            }
          },
          "span": {
            "start": 357,
            "end": 459
          },
          "id": 60
        },
        "61": {
          "kind": {
            "Block": {
              "stmts": [
                32,
                38,
                60
              ]
            }
          },
          "span": {
            "start": 264,
            "end": 465
          },
          "id": 61
        },
        "62": {
          "kind": {
            "Fn": {
              "sig": {
                "name": {
                  "ident": 9,
                  "span": {
                    "start": 218,
                    "end": 226
                  }
                },
                "generic_params": {},
                "params": {
                  "6": 25,
                  "17": 23
                },
                "return_type": 26
              },
              "body": 61
            }
          },
          "span": {
            "start": 215,
            "end": 465
          },
          "id": 62
        },
        "63": {
          "kind": {
            "Class": {
              "name": {
                "ident": 4,
                "span": {
                  "start": 144,
                  "end": 150
                }
              },
              "class_type": "Inline",
              "generic_params": {},
              "fields": {
                "10": 15,
                "13": 19,
                "14": 21,
                "12": 17
              },
              "fn_stmts": {
                "9": 62
              }
            }
          },
          "span": {
            "start": 138,
            "end": 467
          },
          "id": 63
        },
        "64": {
          "kind": {
            "Ty": "I32"
          },
          "span": {
            "start": 494,
            "end": 497
          },
          "id": 64
        },
        "65": {
          "kind": {
            "Field": {
              "ident": {
                "ident": 10,
                "span": {
                  "start": 491,
                  "end": 492
                }
              },
              "ty": 64
            }
          },
          "span": {
            "start": 491,
            "end": 497
          },
          "id": 65
        },
        "66": {
          "kind": {
            "Ty": "I32"
          },
          "span": {
            "start": 506,
            "end": 509
          },
          "id": 66
        },
        "67": {
          "kind": {
            "Field": {
              "ident": {
                "ident": 12,
                "span": {
                  "start": 503,
                  "end": 504
                }
              },
              "ty": 66
            }
          },
          "span": {
            "start": 503,
            "end": 509
          },
          "id": 67
        },
        "68": {
          "kind": {
            "Class": {
              "name": {
                "ident": 7,
                "span": {
                  "start": 475,
                  "end": 484
                }
              },
              "class_type": "Inline",
              "generic_params": {},
              "fields": {
                "12": 67,
                "10": 65
              },
              "fn_stmts": {}
            }
          },
          "span": {
            "start": 469,
            "end": 512
          },
          "id": 68
        }
      }
    }
  }
]