{
  4: (
    name: 4,
    crate_id: (
      id: 0,
    ),
    modules: [(
      id: (
        crate_id: 0,
        module_id: 0,
      ),
      path: (
        module_path: [3],
      ),
      namespace: (
        modules: {},
        values: {},
      ),
      items: [(
        kind: Fn((
          sig: (
            name: (
              ident: 1,
              span: (
                start: 3,
                end: 10,
              ),
            ),
            generic_params: [],
            params: [],
            return_type: None,
),
          body: Some((
            stmts: [(
              kind: Let((
                local_var: (
                  ident: 2,
                  span: (
                    start: 27,
                    end: 28,
                  ),
                  id: 0,
                ),
                mutability: Mutable,
                ty: None,
                initializer: Some((
                  kind: Int(5),
                  span: (
                    start: 31,
                    end: 32,
                  ),
                  id: 1,
                )),
              )),
              span: (
                start: 19,
                end: 33,
              ),
              id: 2,
            ), (
              kind: Expression((
                expr: (
                  kind: Infix((
                    operator: Assign,
                    lhs: (
                      kind: Path((
                        ident_type: LocalOrUse,
                        segments: [(
                          ident: (
                            ident: 2,
                            span: (
                              start: 64,
                              end: 65,
                            ),
                          ),
                          generics: None,
                        )],
                      )),
                      span: (
                        start: 64,
                        end: 65,
                      ),
                      id: 3,
                    ),
                    rhs: (
                      kind: Infix((
                        operator: Add,
                        lhs: (
                          kind: Path((
                            ident_type: LocalOrUse,
                            segments: [(
                              ident: (
                                ident: 2,
                                span: (
                                  start: 68,
                                  end: 69,
                                ),
                              ),
                              generics: None,
                            )],
                          )),
                          span: (
                            start: 68,
                            end: 69,
                          ),
                          id: 4,
                        ),
                        rhs: (
                          kind: Int(1),
                          span: (
                            start: 72,
                            end: 73,
                          ),
                          id: 5,
                        ),
                      )),
                      span: (
                        start: 68,
                        end: 73,
                      ),
                      id: 6,
                    ),
                  )),
                  span: (
                    start: 64,
                    end: 73,
                  ),
                  id: 7,
                ),
                implicit_return: false,
              )),
              span: (
                start: 64,
                end: 74,
              ),
              id: 8,
            )],
            span: (
              start: 13,
              end: 76,
            ),
            id: 9,
          )),
        )),
        span: (
          start: 0,
          end: 76,
        ),
        id: 10,
      )],
    )],
  ),
}