(
  crates: [(
    name: 4,
    id: (
      id: 0,
    ),
    items: [10],
    nodes: {
      0: (
        kind: LocalVar(2),
        span: (
          start: 27,
          end: 28,
        ),
        id: 0,
      ),
      1: (
        kind: Expr(Int(5)),
        span: (
          start: 31,
          end: 32,
        ),
        id: 1,
      ),
      2: (
        kind: Stmt(Let((
          local_var: 0,
          mutability: Mutable,
          ty: None,
          initializer: Some(1),
        ))),
        span: (
          start: 19,
          end: 33,
        ),
        id: 2,
      ),
      3: (
        kind: Expr(Path((
          segments: [(
            res: Local(Var(0)),
            generics: None,
          )],
        ))),
        span: (
          start: 64,
          end: 65,
        ),
        id: 3,
      ),
      4: (
        kind: Expr(Path((
          segments: [(
            res: Local(Var(0)),
            generics: None,
          )],
        ))),
        span: (
          start: 68,
          end: 69,
        ),
        id: 4,
      ),
      5: (
        kind: Expr(Int(1)),
        span: (
          start: 72,
          end: 73,
        ),
        id: 5,
      ),
      6: (
        kind: Expr(Infix((
          operator: Add,
          lhs: 4,
          rhs: 5,
        ))),
        span: (
          start: 68,
          end: 73,
        ),
        id: 6,
      ),
      7: (
        kind: Expr(Infix((
          operator: Assign,
          lhs: 3,
          rhs: 6,
        ))),
        span: (
          start: 64,
          end: 73,
        ),
        id: 7,
      ),
      8: (
        kind: Stmt(Expression((
          expr: 7,
          implicit_return: false,
        ))),
        span: (
          start: 64,
          end: 74,
        ),
        id: 8,
      ),
      9: (
        kind: Block((
          stmts: [2, 8],
        )),
        span: (
          start: 13,
          end: 76,
        ),
        id: 9,
      ),
      10: (
        kind: Fn((
          sig: (
            name: (
              ident: 1,
              span: (
                start: 3,
                end: 10,
              ),
            ),
            generic_params: {},
            params: {},
            return_type: None,
          ),
          body: Some(9),
        )),
        span: (
          start: 0,
          end: 76,
        ),
        id: 10,
      ),
    },
  )],
  names_to_indices: [4],
)