(
  crates: [(
    name: "crate",
    id: (
      id: 0,
    ),
    bodies: {
      2: (
        generic_params: [],
        ret_ty: (
          kind: Int(I64),
        ),
        arms: [],
        stmts: [],
        exprs: [(
          kind: Int(1),
          ty: (
            kind: Int(I64),
          ),
        )],
        destructure_exprs: [],
),
      6: (
        generic_params: [],
        ret_ty: (
          kind: Int(I64),
        ),
        arms: [],
        stmts: [],
        exprs: [(
          kind: Int(2),
          ty: (
            kind: Int(I64),
          ),
        )],
        destructure_exprs: [],
),
    },
  )],
)