{
  "crate": (
    name: "crate",
    id: (
      id: 0,
    ),
    modules: [(
      id: (
        crate_id: 0,
        module_id: 0,
      ),
      path: (
        module_path: ["module"],
      ),
      namespace: (
        modules: {},
        values: {},
      ),
      items: [(
        kind: Enum((
          name: (
            ident: "Planet",
            span: (
              start: 5,
              end: 11,
            ),
          ),
          generic_params: [],
          members: [(
            name: "Mercury",
            fields: [],
            self_fns: [],
            span: (
              start: 18,
              end: 25,
            ),
            id: 0,
          ), (
            name: "Venus",
            fields: [],
            self_fns: [],
            span: (
              start: 31,
              end: 36,
            ),
            id: 1,
          ), (
            name: "Earth",
            fields: [],
            self_fns: [],
            span: (
              start: 42,
              end: 47,
            ),
            id: 2,
          ), (
            name: "Mars",
            fields: [],
            self_fns: [],
            span: (
              start: 53,
              end: 57,
            ),
            id: 3,
          ), (
            name: "Jupiter",
            fields: [],
            self_fns: [],
            span: (
              start: 63,
              end: 70,
            ),
            id: 4,
          ), (
            name: "Saturn",
            fields: [],
            self_fns: [],
            span: (
              start: 76,
              end: 82,
            ),
            id: 5,
          ), (
            name: "Uranus",
            fields: [],
            self_fns: [],
            span: (
              start: 88,
              end: 94,
            ),
            id: 6,
          ), (
            name: "Neptune",
            fields: [],
            self_fns: [],
            span: (
              start: 100,
              end: 107,
            ),
            id: 7,
          ), (
            name: "Pluto",
            fields: [],
            self_fns: [],
            span: (
              start: 113,
              end: 118,
            ),
            id: 8,
          )],
          self_fns: [],
)),
        span: (
          start: 0,
          end: 121,
        ),
        id: 9,
      )],
    )],
  ),
}