(
  crates: [(
    name: 23,
    id: (
      id: 0,
    ),
    items: [(
      kind: Enum((
        name: (
          ident: 11,
          span: (
            start: 287,
            end: 297,
          ),
        ),
        generic_params: [],
        members: [(
          name: 12,
          fields: [],
          fn_defs: [],
          span: (
            start: 304,
            end: 318,
          ),
          id: 38,
        ), (
          name: 14,
          fields: [],
          fn_defs: [],
          span: (
            start: 324,
            end: 338,
          ),
          id: 39,
        )],
        fn_defs: [],
)),
      span: (
        start: 282,
        end: 341,
      ),
      id: 40,
    )],
    nodes: {
      38: Item((
        kind: Member((
          name: 12,
          fields: [],
          fn_defs: [],
          span: (
            start: 304,
            end: 318,
          ),
          id: 38,
        )),
        span: (
          start: 304,
          end: 318,
        ),
        id: 38,
      )),
      39: Item((
        kind: Member((
          name: 14,
          fields: [],
          fn_defs: [],
          span: (
            start: 324,
            end: 338,
          ),
          id: 39,
        )),
        span: (
          start: 324,
          end: 338,
        ),
        id: 39,
      )),
      40: Item((
        kind: Enum((
          name: (
            ident: 11,
            span: (
              start: 287,
              end: 297,
            ),
          ),
          generic_params: [],
          members: [(
            name: 12,
            fields: [],
            fn_defs: [],
            span: (
              start: 304,
              end: 318,
            ),
            id: 38,
          ), (
            name: 14,
            fields: [],
            fn_defs: [],
            span: (
              start: 324,
              end: 338,
            ),
            id: 39,
          )],
          fn_defs: [],
)),
        span: (
          start: 282,
          end: 341,
        ),
        id: 40,
      )),
    },
  )],
  names_to_indices: [23],
)