[
  {
    "find_user": 1,
    "Timeout": 11,
    "info": 9,
    "LoadError": 8,
    "str": 3,
    "error": 10,
    "user": 6,
    "user_name": 2,
    "UserInfo": 7,
    "load_user_info": 5,
    "ConnectionClosed": 12,
    "User": 4
  },
  {
    "tokens": [
      {
        "token_type": "Fn",
        "start": 0,
        "end": 2
      },
      {
        "token_type": {
          "Identifier": 1
        },
        "start": 3,
        "end": 12
      },
      {
        "token_type": "LeftParentheses",
        "start": 12,
        "end": 13
      },
      {
        "token_type": {
          "Identifier": 2
        },
        "start": 13,
        "end": 22
      },
      {
        "token_type": "Colon",
        "start": 22,
        "end": 23
      },
      {
        "token_type": {
          "Identifier": 3
        },
        "start": 24,
        "end": 27
      },
      {
        "token_type": "RightParentheses",
        "start": 27,
        "end": 28
      },
      {
        "token_type": "RightArrow",
        "start": 29,
        "end": 31
      },
      {
        "token_type": {
          "Identifier": 4
        },
        "start": 32,
        "end": 36
      },
      {
        "token_type": "BitwiseOr",
        "start": 37,
        "end": 38
      },
      {
        "token_type": "None",
        "start": 39,
        "end": 43
      },
      {
        "token_type": "LeftBrace",
        "start": 44,
        "end": 45
      },
      {
        "token_type": "RightBrace",
        "start": 46,
        "end": 47
      },
      {
        "token_type": "Fn",
        "start": 49,
        "end": 51
      },
      {
        "token_type": {
          "Identifier": 5
        },
        "start": 52,
        "end": 66
      },
      {
        "token_type": "LeftParentheses",
        "start": 66,
        "end": 67
      },
      {
        "token_type": {
          "Identifier": 6
        },
        "start": 67,
        "end": 71
      },
      {
        "token_type": "Colon",
        "start": 71,
        "end": 72
      },
      {
        "token_type": {
          "Identifier": 4
        },
        "start": 73,
        "end": 77
      },
      {
        "token_type": "RightParentheses",
        "start": 77,
        "end": 78
      },
      {
        "token_type": "RightArrow",
        "start": 79,
        "end": 81
      },
      {
        "token_type": {
          "Identifier": 7
        },
        "start": 82,
        "end": 90
      },
      {
        "token_type": "BitwiseOr",
        "start": 91,
        "end": 92
      },
      {
        "token_type": "None",
        "start": 93,
        "end": 97
      },
      {
        "token_type": "BitwiseOr",
        "start": 98,
        "end": 99
      },
      {
        "token_type": {
          "Identifier": 8
        },
        "start": 100,
        "end": 109
      },
      {
        "token_type": "LeftBrace",
        "start": 110,
        "end": 111
      },
      {
        "token_type": "RightBrace",
        "start": 112,
        "end": 113
      },
      {
        "token_type": "Match",
        "start": 115,
        "end": 120
      },
      {
        "token_type": {
          "Identifier": 5
        },
        "start": 121,
        "end": 135
      },
      {
        "token_type": "LeftParentheses",
        "start": 135,
        "end": 136
      },
      {
        "token_type": "RightParentheses",
        "start": 136,
        "end": 137
      },
      {
        "token_type": "LeftBrace",
        "start": 138,
        "end": 139
      },
      {
        "token_type": {
          "Identifier": 7
        },
        "start": 144,
        "end": 152
      },
      {
        "token_type": {
          "Identifier": 9
        },
        "start": 153,
        "end": 157
      },
      {
        "token_type": "RightArrow",
        "start": 158,
        "end": 160
      },
      {
        "token_type": "LeftBrace",
        "start": 161,
        "end": 162
      },
      {
        "token_type": "RightBrace",
        "start": 162,
        "end": 163
      },
      {
        "token_type": "Comma",
        "start": 163,
        "end": 164
      },
      {
        "token_type": {
          "Identifier": 8
        },
        "start": 169,
        "end": 178
      },
      {
        "token_type": {
          "Identifier": 10
        },
        "start": 179,
        "end": 184
      },
      {
        "token_type": "RightArrow",
        "start": 185,
        "end": 187
      },
      {
        "token_type": "LeftBrace",
        "start": 188,
        "end": 189
      },
      {
        "token_type": "RightBrace",
        "start": 189,
        "end": 190
      },
      {
        "token_type": "Comma",
        "start": 190,
        "end": 191
      },
      {
        "token_type": "None",
        "start": 196,
        "end": 200
      },
      {
        "token_type": "RightArrow",
        "start": 201,
        "end": 203
      },
      {
        "token_type": "LeftBrace",
        "start": 204,
        "end": 205
      },
      {
        "token_type": "RightBrace",
        "start": 205,
        "end": 206
      },
      {
        "token_type": "Comma",
        "start": 206,
        "end": 207
      },
      {
        "token_type": "RightBrace",
        "start": 208,
        "end": 209
      },
      {
        "token_type": "Enum",
        "start": 211,
        "end": 215
      },
      {
        "token_type": {
          "Identifier": 8
        },
        "start": 216,
        "end": 225
      },
      {
        "token_type": "LeftParentheses",
        "start": 225,
        "end": 226
      },
      {
        "token_type": {
          "Identifier": 11
        },
        "start": 231,
        "end": 238
      },
      {
        "token_type": "Comma",
        "start": 238,
        "end": 239
      },
      {
        "token_type": {
          "Identifier": 12
        },
        "start": 244,
        "end": 260
      },
      {
        "token_type": "Comma",
        "start": 260,
        "end": 261
      },
      {
        "token_type": "RightParentheses",
        "start": 262,
        "end": 263
      },
      {
        "token_type": "Semicolon",
        "start": 263,
        "end": 264
      }
    ],
    "line_map": [
      45,
      47,
      48,
      111,
      113,
      114,
      139,
      164,
      191,
      207,
      209,
      210,
      226,
      239,
      261
    ],
    "line_counter": 15
  }
]