[
  {
    "list_of_lists": 11,
    "str": 17,
    "list_of_ints": 9,
    "Loggable": 14,
    "List": 1,
    "trait_bounds": 13,
    "i64": 10,
    "f64": 12,
    "T": 2,
    "initial_capacity": 5,
    "Serializable": 15,
    "push": 7,
    "unions": 16,
    "u64": 6,
    "array": 3,
    "item": 8,
    "new": 4
  },
  {
    "tokens": [
      {
        "token_type": "Class",
        "start": 0,
        "end": 5
      },
      {
        "token_type": {
          "Identifier": 1
        },
        "start": 6,
        "end": 10
      },
      {
        "token_type": "Less",
        "start": 10,
        "end": 11
      },
      {
        "token_type": {
          "Identifier": 2
        },
        "start": 11,
        "end": 12
      },
      {
        "token_type": "Greater",
        "start": 12,
        "end": 13
      },
      {
        "token_type": "LeftParentheses",
        "start": 13,
        "end": 14
      },
      {
        "token_type": {
          "Identifier": 3
        },
        "start": 14,
        "end": 19
      },
      {
        "token_type": "Colon",
        "start": 19,
        "end": 20
      },
      {
        "token_type": "LeftBracket",
        "start": 21,
        "end": 22
      },
      {
        "token_type": {
          "Identifier": 2
        },
        "start": 22,
        "end": 23
      },
      {
        "token_type": "RightBracket",
        "start": 23,
        "end": 24
      },
      {
        "token_type": "RightParentheses",
        "start": 24,
        "end": 25
      },
      {
        "token_type": "LeftBrace",
        "start": 26,
        "end": 27
      },
      {
        "token_type": "Pub",
        "start": 33,
        "end": 36
      },
      {
        "token_type": "Fn",
        "start": 37,
        "end": 39
      },
      {
        "token_type": {
          "Identifier": 4
        },
        "start": 40,
        "end": 43
      },
      {
        "token_type": "LeftParentheses",
        "start": 43,
        "end": 44
      },
      {
        "token_type": {
          "Identifier": 5
        },
        "start": 44,
        "end": 60
      },
      {
        "token_type": "Colon",
        "start": 60,
        "end": 61
      },
      {
        "token_type": {
          "Identifier": 6
        },
        "start": 62,
        "end": 65
      },
      {
        "token_type": "RightParentheses",
        "start": 65,
        "end": 66
      },
      {
        "token_type": "Minus",
        "start": 67,
        "end": 68
      },
      {
        "token_type": "Greater",
        "start": 68,
        "end": 69
      },
      {
        "token_type": "SelfCapitalized",
        "start": 70,
        "end": 74
      },
      {
        "token_type": "LeftBrace",
        "start": 75,
        "end": 76
      },
      {
        "token_type": "SelfCapitalized",
        "start": 85,
        "end": 89
      },
      {
        "token_type": "LeftParentheses",
        "start": 89,
        "end": 90
      },
      {
        "token_type": "LeftBracket",
        "start": 90,
        "end": 91
      },
      {
        "token_type": {
          "Identifier": 2
        },
        "start": 91,
        "end": 92
      },
      {
        "token_type": "Semicolon",
        "start": 92,
        "end": 93
      },
      {
        "token_type": {
          "Identifier": 5
        },
        "start": 94,
        "end": 110
      },
      {
        "token_type": "RightBracket",
        "start": 110,
        "end": 111
      },
      {
        "token_type": "RightParentheses",
        "start": 111,
        "end": 112
      },
      {
        "token_type": "RightBrace",
        "start": 117,
        "end": 118
      },
      {
        "token_type": "Pub",
        "start": 128,
        "end": 131
      },
      {
        "token_type": "Fn",
        "start": 132,
        "end": 134
      },
      {
        "token_type": {
          "Identifier": 7
        },
        "start": 135,
        "end": 139
      },
      {
        "token_type": "LeftParentheses",
        "start": 139,
        "end": 140
      },
      {
        "token_type": "Mut",
        "start": 140,
        "end": 143
      },
      {
        "token_type": "SelfLowercase",
        "start": 144,
        "end": 148
      },
      {
        "token_type": "Comma",
        "start": 148,
        "end": 149
      },
      {
        "token_type": {
          "Identifier": 8
        },
        "start": 150,
        "end": 154
      },
      {
        "token_type": "Colon",
        "start": 154,
        "end": 155
      },
      {
        "token_type": {
          "Identifier": 2
        },
        "start": 156,
        "end": 157
      },
      {
        "token_type": "RightParentheses",
        "start": 157,
        "end": 158
      },
      {
        "token_type": "LeftBrace",
        "start": 159,
        "end": 160
      },
      {
        "token_type": "Dot",
        "start": 169,
        "end": 170
      },
      {
        "token_type": "Dot",
        "start": 170,
        "end": 171
      },
      {
        "token_type": "Dot",
        "start": 171,
        "end": 172
      },
      {
        "token_type": "RightBrace",
        "start": 177,
        "end": 178
      },
      {
        "token_type": "RightBrace",
        "start": 179,
        "end": 180
      },
      {
        "token_type": "Let",
        "start": 182,
        "end": 185
      },
      {
        "token_type": {
          "Identifier": 9
        },
        "start": 186,
        "end": 198
      },
      {
        "token_type": "Equal",
        "start": 199,
        "end": 200
      },
      {
        "token_type": {
          "Identifier": 1
        },
        "start": 201,
        "end": 205
      },
      {
        "token_type": "Colon",
        "start": 205,
        "end": 206
      },
      {
        "token_type": "Colon",
        "start": 206,
        "end": 207
      },
      {
        "token_type": "Less",
        "start": 207,
        "end": 208
      },
      {
        "token_type": {
          "Identifier": 10
        },
        "start": 208,
        "end": 211
      },
      {
        "token_type": "Greater",
        "start": 211,
        "end": 212
      },
      {
        "token_type": "Colon",
        "start": 212,
        "end": 213
      },
      {
        "token_type": "Colon",
        "start": 213,
        "end": 214
      },
      {
        "token_type": {
          "Identifier": 4
        },
        "start": 214,
        "end": 217
      },
      {
        "token_type": "LeftParentheses",
        "start": 217,
        "end": 218
      },
      {
        "token_type": "RightParentheses",
        "start": 218,
        "end": 219
      },
      {
        "token_type": "Semicolon",
        "start": 219,
        "end": 220
      },
      {
        "token_type": "Let",
        "start": 221,
        "end": 224
      },
      {
        "token_type": {
          "Identifier": 11
        },
        "start": 225,
        "end": 238
      },
      {
        "token_type": "Equal",
        "start": 239,
        "end": 240
      },
      {
        "token_type": {
          "Identifier": 1
        },
        "start": 241,
        "end": 245
      },
      {
        "token_type": "Colon",
        "start": 245,
        "end": 246
      },
      {
        "token_type": "Colon",
        "start": 246,
        "end": 247
      },
      {
        "token_type": "Less",
        "start": 247,
        "end": 248
      },
      {
        "token_type": {
          "Identifier": 1
        },
        "start": 248,
        "end": 252
      },
      {
        "token_type": "Less",
        "start": 252,
        "end": 253
      },
      {
        "token_type": {
          "Identifier": 12
        },
        "start": 253,
        "end": 256
      },
      {
        "token_type": "RightShift",
        "start": 256,
        "end": 258
      },
      {
        "token_type": "Colon",
        "start": 258,
        "end": 259
      },
      {
        "token_type": "Colon",
        "start": 259,
        "end": 260
      },
      {
        "token_type": {
          "Identifier": 4
        },
        "start": 260,
        "end": 263
      },
      {
        "token_type": "LeftParentheses",
        "start": 263,
        "end": 264
      },
      {
        "token_type": "RightParentheses",
        "start": 264,
        "end": 265
      },
      {
        "token_type": "Semicolon",
        "start": 265,
        "end": 266
      },
      {
        "token_type": "Let",
        "start": 267,
        "end": 270
      },
      {
        "token_type": {
          "Identifier": 13
        },
        "start": 271,
        "end": 283
      },
      {
        "token_type": "Equal",
        "start": 284,
        "end": 285
      },
      {
        "token_type": {
          "Identifier": 1
        },
        "start": 286,
        "end": 290
      },
      {
        "token_type": "Colon",
        "start": 290,
        "end": 291
      },
      {
        "token_type": "Colon",
        "start": 291,
        "end": 292
      },
      {
        "token_type": "Less",
        "start": 292,
        "end": 293
      },
      {
        "token_type": {
          "Identifier": 14
        },
        "start": 293,
        "end": 301
      },
      {
        "token_type": "Plus",
        "start": 302,
        "end": 303
      },
      {
        "token_type": {
          "Identifier": 15
        },
        "start": 304,
        "end": 316
      },
      {
        "token_type": "Greater",
        "start": 316,
        "end": 317
      },
      {
        "token_type": "Colon",
        "start": 317,
        "end": 318
      },
      {
        "token_type": "Colon",
        "start": 318,
        "end": 319
      },
      {
        "token_type": {
          "Identifier": 4
        },
        "start": 319,
        "end": 322
      },
      {
        "token_type": "LeftParentheses",
        "start": 322,
        "end": 323
      },
      {
        "token_type": "RightParentheses",
        "start": 323,
        "end": 324
      },
      {
        "token_type": "Semicolon",
        "start": 324,
        "end": 325
      },
      {
        "token_type": "Let",
        "start": 326,
        "end": 329
      },
      {
        "token_type": {
          "Identifier": 16
        },
        "start": 330,
        "end": 336
      },
      {
        "token_type": "Equal",
        "start": 337,
        "end": 338
      },
      {
        "token_type": {
          "Identifier": 1
        },
        "start": 339,
        "end": 343
      },
      {
        "token_type": "Colon",
        "start": 343,
        "end": 344
      },
      {
        "token_type": "Colon",
        "start": 344,
        "end": 345
      },
      {
        "token_type": "Less",
        "start": 345,
        "end": 346
      },
      {
        "token_type": {
          "Identifier": 17
        },
        "start": 346,
        "end": 349
      },
      {
        "token_type": "BitwiseOr",
        "start": 350,
        "end": 351
      },
      {
        "token_type": {
          "Identifier": 10
        },
        "start": 352,
        "end": 355
      },
      {
        "token_type": "BitwiseOr",
        "start": 356,
        "end": 357
      },
      {
        "token_type": {
          "Identifier": 12
        },
        "start": 358,
        "end": 361
      },
      {
        "token_type": "Greater",
        "start": 361,
        "end": 362
      },
      {
        "token_type": "Colon",
        "start": 362,
        "end": 363
      },
      {
        "token_type": "Colon",
        "start": 363,
        "end": 364
      },
      {
        "token_type": {
          "Identifier": 4
        },
        "start": 364,
        "end": 367
      },
      {
        "token_type": "LeftParentheses",
        "start": 367,
        "end": 368
      },
      {
        "token_type": "RightParentheses",
        "start": 368,
        "end": 369
      },
      {
        "token_type": "Semicolon",
        "start": 369,
        "end": 370
      }
    ],
    "line_map": [
      27,
      28,
      76,
      112,
      118,
      123,
      160,
      172,
      178,
      180,
      181,
      220,
      266,
      325,
      370
    ],
    "line_counter": 15
  }
]