[
  [
    "Point",
    "T",
    "U",
    "x",
    "y"
  ],
  {
    "tokens": [
      {
        "token_type": "Class",
        "span": {
          "start": 0,
          "end": 5
        }
      },
      {
        "token_type": {
          "Identifier": 1
        },
        "span": {
          "start": 6,
          "end": 11
        }
      },
      {
        "token_type": "Less",
        "span": {
          "start": 11,
          "end": 12
        }
      },
      {
        "token_type": {
          "Identifier": 2
        },
        "span": {
          "start": 12,
          "end": 13
        }
      },
      {
        "token_type": "Comma",
        "span": {
          "start": 13,
          "end": 14
        }
      },
      {
        "token_type": {
          "Identifier": 3
        },
        "span": {
          "start": 15,
          "end": 16
        }
      },
      {
        "token_type": "Greater",
        "span": {
          "start": 16,
          "end": 17
        }
      },
      {
        "token_type": "LeftParentheses",
        "span": {
          "start": 17,
          "end": 18
        }
      },
      {
        "token_type": {
          "Identifier": 4
        },
        "span": {
          "start": 18,
          "end": 19
        }
      },
      {
        "token_type": "Colon",
        "span": {
          "start": 19,
          "end": 20
        }
      },
      {
        "token_type": {
          "Identifier": 2
        },
        "span": {
          "start": 21,
          "end": 22
        }
      },
      {
        "token_type": "Comma",
        "span": {
          "start": 22,
          "end": 23
        }
      },
      {
        "token_type": {
          "Identifier": 5
        },
        "span": {
          "start": 24,
          "end": 25
        }
      },
      {
        "token_type": "Colon",
        "span": {
          "start": 25,
          "end": 26
        }
      },
      {
        "token_type": {
          "Identifier": 3
        },
        "span": {
          "start": 27,
          "end": 28
        }
      },
      {
        "token_type": "RightParentheses",
        "span": {
          "start": 28,
          "end": 29
        }
      },
      {
        "token_type": "Semicolon",
        "span": {
          "start": 29,
          "end": 30
        }
      }
    ],
    "line_map": {
      "lines": []
    },
    "line_counter": 0
  }
]